Archive member included to satisfy reference by file (symbol)

C:/Program Files/STMicroelectronics/STM32Cube/STM32CubeIDE/plugins/com.st.stm32cube.ide.mcu.externaltools.gnu-tools-for-stm32.13.3.rel1.win32_1.0.0.202411081344/tools/bin/../lib/gcc/arm-none-eabi/13.3.1/../../../../arm-none-eabi/lib/thumb/v7e-m+fp/hard\libc_nano.a(libc_a-exit.o)
                              C:/Program Files/STMicroelectronics/STM32Cube/STM32CubeIDE/plugins/com.st.stm32cube.ide.mcu.externaltools.gnu-tools-for-stm32.13.3.rel1.win32_1.0.0.202411081344/tools/bin/../lib/gcc/arm-none-eabi/13.3.1/../../../../arm-none-eabi/lib/thumb/v7e-m+fp/hard/crt0.o (exit)
C:/Program Files/STMicroelectronics/STM32Cube/STM32CubeIDE/plugins/com.st.stm32cube.ide.mcu.externaltools.gnu-tools-for-stm32.13.3.rel1.win32_1.0.0.202411081344/tools/bin/../lib/gcc/arm-none-eabi/13.3.1/../../../../arm-none-eabi/lib/thumb/v7e-m+fp/hard\libc_nano.a(libc_a-findfp.o)
                              C:/Program Files/STMicroelectronics/STM32Cube/STM32CubeIDE/plugins/com.st.stm32cube.ide.mcu.externaltools.gnu-tools-for-stm32.13.3.rel1.win32_1.0.0.202411081344/tools/bin/../lib/gcc/arm-none-eabi/13.3.1/../../../../arm-none-eabi/lib/thumb/v7e-m+fp/hard\libc_nano.a(libc_a-exit.o) (__stdio_exit_handler)
C:/Program Files/STMicroelectronics/STM32Cube/STM32CubeIDE/plugins/com.st.stm32cube.ide.mcu.externaltools.gnu-tools-for-stm32.13.3.rel1.win32_1.0.0.202411081344/tools/bin/../lib/gcc/arm-none-eabi/13.3.1/../../../../arm-none-eabi/lib/thumb/v7e-m+fp/hard\libc_nano.a(libc_a-fwalk.o)
                              C:/Program Files/STMicroelectronics/STM32Cube/STM32CubeIDE/plugins/com.st.stm32cube.ide.mcu.externaltools.gnu-tools-for-stm32.13.3.rel1.win32_1.0.0.202411081344/tools/bin/../lib/gcc/arm-none-eabi/13.3.1/../../../../arm-none-eabi/lib/thumb/v7e-m+fp/hard\libc_nano.a(libc_a-findfp.o) (_fwalk_sglue)
C:/Program Files/STMicroelectronics/STM32Cube/STM32CubeIDE/plugins/com.st.stm32cube.ide.mcu.externaltools.gnu-tools-for-stm32.13.3.rel1.win32_1.0.0.202411081344/tools/bin/../lib/gcc/arm-none-eabi/13.3.1/../../../../arm-none-eabi/lib/thumb/v7e-m+fp/hard\libc_nano.a(libc_a-printf.o)
                              ./Core/Src/main.o (printf)
C:/Program Files/STMicroelectronics/STM32Cube/STM32CubeIDE/plugins/com.st.stm32cube.ide.mcu.externaltools.gnu-tools-for-stm32.13.3.rel1.win32_1.0.0.202411081344/tools/bin/../lib/gcc/arm-none-eabi/13.3.1/../../../../arm-none-eabi/lib/thumb/v7e-m+fp/hard\libc_nano.a(libc_a-putchar.o)
                              ./Core/Src/main.o (putchar)
C:/Program Files/STMicroelectronics/STM32Cube/STM32CubeIDE/plugins/com.st.stm32cube.ide.mcu.externaltools.gnu-tools-for-stm32.13.3.rel1.win32_1.0.0.202411081344/tools/bin/../lib/gcc/arm-none-eabi/13.3.1/../../../../arm-none-eabi/lib/thumb/v7e-m+fp/hard\libc_nano.a(libc_a-puts.o)
                              ./Core/Src/main.o (puts)
C:/Program Files/STMicroelectronics/STM32Cube/STM32CubeIDE/plugins/com.st.stm32cube.ide.mcu.externaltools.gnu-tools-for-stm32.13.3.rel1.win32_1.0.0.202411081344/tools/bin/../lib/gcc/arm-none-eabi/13.3.1/../../../../arm-none-eabi/lib/thumb/v7e-m+fp/hard\libc_nano.a(libc_a-setvbuf.o)
                              ./Core/Src/main.o (setvbuf)
C:/Program Files/STMicroelectronics/STM32Cube/STM32CubeIDE/plugins/com.st.stm32cube.ide.mcu.externaltools.gnu-tools-for-stm32.13.3.rel1.win32_1.0.0.202411081344/tools/bin/../lib/gcc/arm-none-eabi/13.3.1/../../../../arm-none-eabi/lib/thumb/v7e-m+fp/hard\libc_nano.a(libc_a-stdio.o)
                              C:/Program Files/STMicroelectronics/STM32Cube/STM32CubeIDE/plugins/com.st.stm32cube.ide.mcu.externaltools.gnu-tools-for-stm32.13.3.rel1.win32_1.0.0.202411081344/tools/bin/../lib/gcc/arm-none-eabi/13.3.1/../../../../arm-none-eabi/lib/thumb/v7e-m+fp/hard\libc_nano.a(libc_a-findfp.o) (__sread)
C:/Program Files/STMicroelectronics/STM32Cube/STM32CubeIDE/plugins/com.st.stm32cube.ide.mcu.externaltools.gnu-tools-for-stm32.13.3.rel1.win32_1.0.0.202411081344/tools/bin/../lib/gcc/arm-none-eabi/13.3.1/../../../../arm-none-eabi/lib/thumb/v7e-m+fp/hard\libc_nano.a(libc_a-wbuf.o)
                              C:/Program Files/STMicroelectronics/STM32Cube/STM32CubeIDE/plugins/com.st.stm32cube.ide.mcu.externaltools.gnu-tools-for-stm32.13.3.rel1.win32_1.0.0.202411081344/tools/bin/../lib/gcc/arm-none-eabi/13.3.1/../../../../arm-none-eabi/lib/thumb/v7e-m+fp/hard\libc_nano.a(libc_a-puts.o) (__swbuf_r)
C:/Program Files/STMicroelectronics/STM32Cube/STM32CubeIDE/plugins/com.st.stm32cube.ide.mcu.externaltools.gnu-tools-for-stm32.13.3.rel1.win32_1.0.0.202411081344/tools/bin/../lib/gcc/arm-none-eabi/13.3.1/../../../../arm-none-eabi/lib/thumb/v7e-m+fp/hard\libc_nano.a(libc_a-wsetup.o)
[...]
Memory Configuration

Name             Origin             Length             Attributes
RAM              0x20000000         0x00020000         xrw
FLASH            0x08000000         0x00080000         xr
*default*        0x00000000         0xffffffff

Linker script and memory map

LOAD C:/Program Files/STMicroelectronics/STM32Cube/STM32CubeIDE/plugins/com.st.stm32cube.ide.mcu.externaltools.gnu-tools-for-stm32.13.3.rel1.win32_1.0.0.202411081344/tools/bin/../lib/gcc/arm-none-eabi/13.3.1/thumb/v7e-m+fp/hard/crti.o
LOAD C:/Program Files/STMicroelectronics/STM32Cube/STM32CubeIDE/plugins/com.st.stm32cube.ide.mcu.externaltools.gnu-tools-for-stm32.13.3.rel1.win32_1.0.0.202411081344/tools/bin/../lib/gcc/arm-none-eabi/13.3.1/thumb/v7e-m+fp/hard/crtbegin.o
LOAD C:/Program Files/STMicroelectronics/STM32Cube/STM32CubeIDE/plugins/com.st.stm32cube.ide.mcu.externaltools.gnu-tools-for-stm32.13.3.rel1.win32_1.0.0.202411081344/tools/bin/../lib/gcc/arm-none-eabi/13.3.1/../../../../arm-none-eabi/lib/thumb/v7e-m+fp/hard/crt0.o
LOAD ./Core/Src/main.o
LOAD ./Core/Src/stm32f4xx_hal_msp.o
LOAD ./Core/Src/stm32f4xx_it.o
LOAD ./Core/Src/syscalls.o
LOAD ./Core/Src/sysmem.o
LOAD ./Core/Src/system_stm32f4xx.o
LOAD ./Core/Startup/startup_stm32f411ceux.o
LOAD ./Drivers/STM32F4xx_HAL_Driver/Src/stm32f4xx_hal.o
LOAD ./Drivers/STM32F4xx_HAL_Driver/Src/stm32f4xx_hal_cortex.o
LOAD ./Drivers/STM32F4xx_HAL_Driver/Src/stm32f4xx_hal_dma.o
LOAD ./Drivers/STM32F4xx_HAL_Driver/Src/stm32f4xx_hal_dma_ex.o
LOAD ./Drivers/STM32F4xx_HAL_Driver/Src/stm32f4xx_hal_exti.o
LOAD ./Drivers/STM32F4xx_HAL_Driver/Src/stm32f4xx_hal_flash.o
LOAD ./Drivers/STM32F4xx_HAL_Driver/Src/stm32f4xx_hal_flash_ex.o
LOAD ./Drivers/STM32F4xx_HAL_Driver/Src/stm32f4xx_hal_flash_ramfunc.o
LOAD ./Drivers/STM32F4xx_HAL_Driver/Src/stm32f4xx_hal_gpio.o
LOAD ./Drivers/STM32F4xx_HAL_Driver/Src/stm32f4xx_hal_pwr.o
LOAD ./Drivers/STM32F4xx_HAL_Driver/Src/stm32f4xx_hal_pwr_ex.o
LOAD ./Drivers/STM32F4xx_HAL_Driver/Src/stm32f4xx_hal_rcc.o
LOAD ./Drivers/STM32F4xx_HAL_Driver/Src/stm32f4xx_hal_rcc_ex.o
LOAD ./Drivers/STM32F4xx_HAL_Driver/Src/stm32f4xx_hal_spi.o
LOAD ./Drivers/STM32F4xx_HAL_Driver/Src/stm32f4xx_hal_tim.o
LOAD ./Drivers/STM32F4xx_HAL_Driver/Src/stm32f4xx_hal_tim_ex.o
LOAD ./Drivers/STM32F4xx_HAL_Driver/Src/stm32f4xx_hal_uart.o
START GROUP
LOAD C:/Program Files/STMicroelectronics/STM32Cube/STM32CubeIDE/plugins/com.st.stm32cube.ide.mcu.externaltools.gnu-tools-for-stm32.13.3.rel1.win32_1.0.0.202411081344/tools/bin/../lib/gcc/arm-none-eabi/13.3.1/../../../../arm-none-eabi/lib/thumb/v7e-m+fp/hard\libc_nano.a
LOAD C:/Program Files/STMicroelectronics/STM32Cube/STM32CubeIDE/plugins/com.st.stm32cube.ide.mcu.externaltools.gnu-tools-for-stm32.13.3.rel1.win32_1.0.0.202411081344/tools/bin/../lib/gcc/arm-none-eabi/13.3.1/../../../../arm-none-eabi/lib/thumb/v7e-m+fp/hard\libm.a
END GROUP
START GROUP
LOAD C:/Program Files/STMicroelectronics/STM32Cube/STM32CubeIDE/plugins/com.st.stm32cube.ide.mcu.externaltools.gnu-tools-for-stm32.13.3.rel1.win32_1.0.0.202411081344/tools/bin/../lib/gcc/arm-none-eabi/13.3.1/thumb/v7e-m+fp/hard\libgcc.a
LOAD C:/Program Files/STMicroelectronics/STM32Cube/STM32CubeIDE/plugins/com.st.stm32cube.ide.mcu.externaltools.gnu-tools-for-stm32.13.3.rel1.win32_1.0.0.202411081344/tools/bin/../lib/gcc/arm-none-eabi/13.3.1/../../../../arm-none-eabi/lib/thumb/v7e-m+fp/hard\libc_nano.a
END GROUP
START GROUP
LOAD C:/Program Files/STMicroelectronics/STM32Cube/STM32CubeIDE/plugins/com.st.stm32cube.ide.mcu.externaltools.gnu-tools-for-stm32.13.3.rel1.win32_1.0.0.202411081344/tools/bin/../lib/gcc/arm-none-eabi/13.3.1/thumb/v7e-m+fp/hard\libgcc.a
LOAD C:/Program Files/STMicroelectronics/STM32Cube/STM32CubeIDE/plugins/com.st.stm32cube.ide.mcu.externaltools.gnu-tools-for-stm32.13.3.rel1.win32_1.0.0.202411081344/tools/bin/../lib/gcc/arm-none-eabi/13.3.1/../../../../arm-none-eabi/lib/thumb/v7e-m+fp/hard\libc_nano.a
LOAD C:/Program Files/STMicroelectronics/STM32Cube/STM32CubeIDE/plugins/com.st.stm32cube.ide.mcu.externaltools.gnu-tools-for-stm32.13.3.rel1.win32_1.0.0.202411081344/tools/bin/../lib/gcc/arm-none-eabi/13.3.1/../../../../arm-none-eabi/lib/thumb/v7e-m+fp/hard\libnosys.a
END GROUP
START GROUP
LOAD C:/Program Files/STMicroelectronics/STM32Cube/STM32CubeIDE/plugins/com.st.stm32cube.ide.mcu.externaltools.gnu-tools-for-stm32.13.3.rel1.win32_1.0.0.202411081344/tools/bin/../lib/gcc/arm-none-eabi/13.3.1/thumb/v7e-m+fp/hard\libgcc.a
LOAD C:/Program Files/STMicroelectronics/STM32Cube/STM32CubeIDE/plugins/com.st.stm32cube.ide.mcu.externaltools.gnu-tools-for-stm32.13.3.rel1.win32_1.0.0.202411081344/tools/bin/../lib/gcc/arm-none-eabi/13.3.1/../../../../arm-none-eabi/lib/thumb/v7e-m+fp/hard\libc_nano.a
LOAD C:/Program Files/STMicroelectronics/STM32Cube/STM32CubeIDE/plugins/com.st.stm32cube.ide.mcu.externaltools.gnu-tools-for-stm32.13.3.rel1.win32_1.0.0.202411081344/tools/bin/../lib/gcc/arm-none-eabi/13.3.1/../../../../arm-none-eabi/lib/thumb/v7e-m+fp/hard\libnosys.a
END GROUP
LOAD C:/Program Files/STMicroelectronics/STM32Cube/STM32CubeIDE/plugins/com.st.stm32cube.ide.mcu.externaltools.gnu-tools-for-stm32.13.3.rel1.win32_1.0.0.202411081344/tools/bin/../lib/gcc/arm-none-eabi/13.3.1/thumb/v7e-m+fp/hard/crtend.o
LOAD C:/Program Files/STMicroelectronics/STM32Cube/STM32CubeIDE/plugins/com.st.stm32cube.ide.mcu.externaltools.gnu-tools-for-stm32.13.3.rel1.win32_1.0.0.202411081344/tools/bin/../lib/gcc/arm-none-eabi/13.3.1/thumb/v7e-m+fp/hard/crtn.o
                0x20020000                        _estack = (ORIGIN (RAM) + LENGTH (RAM))
                0x00000200                        _Min_Heap_Size = 0x200
                0x00000400                        _Min_Stack_Size = 0x400

.isr_vector     0x08000000      0x198
                0x08000000                        . = ALIGN (0x4)
 *(.isr_vector)
 .isr_vector    0x08000000      0x198 ./Core/Startup/startup_stm32f411ceux.o
                0x08000000                g_pfnVectors
                0x08000198                        . = ALIGN (0x4)

.text           0x080001a0     0x6234
                0x080001a0                        . = ALIGN (0x4)
 *(.text)
 .text          0x080001a0       0x40 C:/Program Files/STMicroelectronics/STM32Cube/STM32CubeIDE/plugins/com.st.stm32cube.ide.mcu.externaltools.gnu-tools-for-stm32.13.3.rel1.win32_1.0.0.202411081344/tools/bin/../lib/gcc/arm-none-eabi/13.3.1/thumb/v7e-m+fp/hard/crtbegin.o
 .text          0x080001e0       0xa0 C:/Program Files/STMicroelectronics/STM32Cube/STM32CubeIDE/plugins/com.st.stm32cube.ide.mcu.externaltools.gnu-tools-for-stm32.13.3.rel1.win32_1.0.0.202411081344/tools/bin/../lib/gcc/arm-none-eabi/13.3.1/../../../../arm-none-eabi/lib/thumb/v7e-m+fp/hard\libc_nano.a(libc_a-memchr.o)
                0x080001e0                memchr
 .text          0x08000280       0x30 C:/Program Files/STMicroelectronics/STM32Cube/STM32CubeIDE/plugins/com.st.stm32cube.ide.mcu.externaltools.gnu-tools-for-stm32.13.3.rel1.win32_1.0.0.202411081344/tools/bin/../lib/gcc/arm-none-eabi/13.3.1/thumb/v7e-m+fp/hard\libgcc.a(_aeabi_uldivmod.o)
                0x08000280                __aeabi_uldivmod
 .text          0x080002b0      0x2f8 C:/Program Files/STMicroelectronics/STM32Cube/STM32CubeIDE/plugins/com.st.stm32cube.ide.mcu.externaltools.gnu-tools-for-stm32.13.3.rel1.win32_1.0.0.202411081344/tools/bin/../lib/gcc/arm-none-eabi/13.3.1/thumb/v7e-m+fp/hard\libgcc.a(_udivmoddi4.o)
                0x080002b0                __udivmoddi4
 .text          0x080005a8        0x4 C:/Program Files/STMicroelectronics/STM32Cube/STM32CubeIDE/plugins/com.st.stm32cube.ide.mcu.externaltools.gnu-tools-for-stm32.13.3.rel1.win32_1.0.0.202411081344/tools/bin/../lib/gcc/arm-none-eabi/13.3.1/thumb/v7e-m+fp/hard\libgcc.a(_dvmd_tls.o)
                0x080005a8                __aeabi_idiv0
                0x080005a8                __aeabi_ldiv0
 *(.text*)
 .text.ITM_SendChar
                0x080005ac       0x4e ./Core/Src/main.o
 *fill*         0x080005fa        0x2 
 .text.delay_us
                0x080005fc       0x34 ./Core/Src/main.o
                0x080005fc                delay_us
 .text._write   0x08000630       0x38 ./Core/Src/main.o
                0x08000630                _write
 .text.printHexFrame
                0x08000668       0x50 ./Core/Src/main.o
 .text.readVirpilDataSync
                0x080006b8      0x120 ./Core/Src/main.o
 .text.ww_hat_code_from_index
                0x080007d8       0x9e ./Core/Src/main.o
 .text.ww_hat_code_from_bools
                0x08000876      0x112 ./Core/Src/main.o
 .text.ww_write_hat
                0x08000988       0x34 ./Core/Src/main.o
 .text.map_vp_to_ww
                0x080009bc       0x7e ./Core/Src/main.o
 *fill*         0x08000a3a        0x2 
 .text.updateWWCache
                0x08000a3c      0x684 ./Core/Src/main.o
                0x08000a3c                updateWWCache
 .text.writeWinwingDataSync
                0x080010c0       0x30 ./Core/Src/main.o
                0x080010c0                writeWinwingDataSync
 .text.HandleDial
                0x080010f0       0xe4 ./Core/Src/main.o
 .text.WW_HandleData
                0x080011d4       0xa4 ./Core/Src/main.o
 .text.crc32_calc
                0x08001278       0x78 ./Core/Src/main.o
                0x08001278                crc32_calc
 .text.SaveCalibrationToFlash
                0x080012f0       0x9c ./Core/Src/main.o
                0x080012f0                SaveCalibrationToFlash
 .text.LoadCalibrationFromFlash
                0x0800138c       0x44 ./Core/Src/main.o
                0x0800138c                LoadCalibrationFromFlash
 .text.main     0x080013d0      0x304 ./Core/Src/main.o
                0x080013d0                main
 .text.SystemClock_Config
                0x080016d4       0xd0 ./Core/Src/main.o
                0x080016d4                SystemClock_Config
 .text.MX_SPI2_Init
                0x080017a4       0x6c ./Core/Src/main.o
 .text.MX_TIM1_Init
                0x08001810       0xa0 ./Core/Src/main.o
 .text.MX_USART1_UART_Init
                0x080018b0       0x54 ./Core/Src/main.o
 .text.MX_GPIO_Init
                0x08001904       0xf0 ./Core/Src/main.o
 .text.HAL_UARTEx_RxEventCallback
                0x080019f4       0x24 ./Core/Src/main.o
                0x080019f4                HAL_UARTEx_RxEventCallback
 .text.Error_Handler
                0x08001a18       0x20 ./Core/Src/main.o
                0x08001a18                Error_Handler
 .text.HAL_MspInit
                0x08001a38       0x50 ./Core/Src/stm32f4xx_hal_msp.o
                0x08001a38                HAL_MspInit
 .text.HAL_SPI_MspInit
                0x08001a88       0x90 ./Core/Src/stm32f4xx_hal_msp.o
                0x08001a88                HAL_SPI_MspInit
 .text.HAL_TIM_Base_MspInit
                0x08001b18       0x44 ./Core/Src/stm32f4xx_hal_msp.o
                0x08001b18                HAL_TIM_Base_MspInit
 .text.HAL_UART_MspInit
                0x08001b5c       0xa0 ./Core/Src/stm32f4xx_hal_msp.o
                0x08001b5c                HAL_UART_MspInit
 .text.NMI_Handler
                0x08001bfc        0x8 ./Core/Src/stm32f4xx_it.o
                0x08001bfc                NMI_Handler
 .text.HardFault_Handler
                0x08001c04        0x8 ./Core/Src/stm32f4xx_it.o
                0x08001c04                HardFault_Handler
 .text.MemManage_Handler
                0x08001c0c        0x8 ./Core/Src/stm32f4xx_it.o
                0x08001c0c                MemManage_Handler
 .text.BusFault_Handler
                0x08001c14        0x8 ./Core/Src/stm32f4xx_it.o
                0x08001c14                BusFault_Handler
 .text.UsageFault_Handler
                0x08001c1c        0x8 ./Core/Src/stm32f4xx_it.o
                0x08001c1c                UsageFault_Handler
 .text.SVC_Handler
                0x08001c24        0xe ./Core/Src/stm32f4xx_it.o
                0x08001c24                SVC_Handler
 .text.DebugMon_Handler
                0x08001c32        0xe ./Core/Src/stm32f4xx_it.o
                0x08001c32                DebugMon_Handler
 .text.PendSV_Handler
                0x08001c40        0xe ./Core/Src/stm32f4xx_it.o
                0x08001c40                PendSV_Handler
 .text.SysTick_Handler
                0x08001c4e        0xc ./Core/Src/stm32f4xx_it.o
                0x08001c4e                SysTick_Handler
 *fill*         0x08001c5a        0x2 
 .text.USART1_IRQHandler
                0x08001c5c       0x14 ./Core/Src/stm32f4xx_it.o
                0x08001c5c                USART1_IRQHandler
 .text._read    0x08001c70       0x3a ./Core/Src/syscalls.o
                0x08001c70                _read
 .text._close   0x08001caa       0x18 ./Core/Src/syscalls.o
                0x08001caa                _close
 .text._fstat   0x08001cc2       0x20 ./Core/Src/syscalls.o
                0x08001cc2                _fstat
 .text._isatty  0x08001ce2       0x16 ./Core/Src/syscalls.o
                0x08001ce2                _isatty
 .text._lseek   0x08001cf8       0x1a ./Core/Src/syscalls.o
                0x08001cf8                _lseek
 *fill*         0x08001d12        0x2 
 .text._sbrk    0x08001d14       0x6c ./Core/Src/sysmem.o
                0x08001d14                _sbrk
 .text.SystemInit
                0x08001d80       0x24 ./Core/Src/system_stm32f4xx.o
                0x08001d80                SystemInit
 .text.Reset_Handler
                0x08001da4       0x50 ./Core/Startup/startup_stm32f411ceux.o
                0x08001da4                Reset_Handler
 .text.Default_Handler
                0x08001df4        0x2 ./Core/Startup/startup_stm32f411ceux.o
                0x08001df4                RTC_Alarm_IRQHandler
                0x08001df4                EXTI2_IRQHandler
                0x08001df4                SPI4_IRQHandler
                0x08001df4                TIM1_CC_IRQHandler
                0x08001df4                DMA2_Stream5_IRQHandler
                0x08001df4                DMA1_Stream5_IRQHandler
                0x08001df4                PVD_IRQHandler
                0x08001df4                SDIO_IRQHandler
                0x08001df4                TAMP_STAMP_IRQHandler
                0x08001df4                EXTI3_IRQHandler
                0x08001df4                TIM1_UP_TIM10_IRQHandler
                0x08001df4                I2C3_ER_IRQHandler
                0x08001df4                EXTI0_IRQHandler
                0x08001df4                I2C2_EV_IRQHandler
                0x08001df4                DMA1_Stream2_IRQHandler
                0x08001df4                FPU_IRQHandler
                0x08001df4                DMA2_Stream2_IRQHandler
                0x08001df4                SPI1_IRQHandler
                0x08001df4                TIM1_BRK_TIM9_IRQHandler
                0x08001df4                DMA2_Stream3_IRQHandler
                0x08001df4                USART6_IRQHandler
                0x08001df4                DMA2_Stream0_IRQHandler
                0x08001df4                TIM4_IRQHandler
                0x08001df4                I2C1_EV_IRQHandler
                0x08001df4                DMA1_Stream6_IRQHandler
                0x08001df4                DMA1_Stream1_IRQHandler
                0x08001df4                TIM3_IRQHandler
                0x08001df4                RCC_IRQHandler
                0x08001df4                Default_Handler
                0x08001df4                EXTI15_10_IRQHandler
                0x08001df4                ADC_IRQHandler
                0x08001df4                DMA1_Stream7_IRQHandler
                0x08001df4                SPI5_IRQHandler
                0x08001df4                TIM5_IRQHandler
                0x08001df4                DMA2_Stream7_IRQHandler
                0x08001df4                I2C3_EV_IRQHandler
                0x08001df4                EXTI9_5_IRQHandler
                0x08001df4                RTC_WKUP_IRQHandler
                0x08001df4                SPI2_IRQHandler
                0x08001df4                DMA1_Stream0_IRQHandler
                0x08001df4                EXTI4_IRQHandler
                0x08001df4                WWDG_IRQHandler
                0x08001df4                TIM2_IRQHandler
                0x08001df4                OTG_FS_WKUP_IRQHandler
                0x08001df4                TIM1_TRG_COM_TIM11_IRQHandler
                0x08001df4                EXTI1_IRQHandler
                0x08001df4                USART2_IRQHandler
                0x08001df4                I2C2_ER_IRQHandler
                0x08001df4                DMA2_Stream1_IRQHandler
                0x08001df4                FLASH_IRQHandler
                0x08001df4                DMA2_Stream4_IRQHandler
                0x08001df4                OTG_FS_IRQHandler
                0x08001df4                SPI3_IRQHandler
                0x08001df4                DMA1_Stream4_IRQHandler
                0x08001df4                I2C1_ER_IRQHandler
                0x08001df4                DMA2_Stream6_IRQHandler
                0x08001df4                DMA1_Stream3_IRQHandler
 *fill*         0x08001df6        0x2 
 .text.HAL_Init
                0x08001df8       0x44 ./Drivers/STM32F4xx_HAL_Driver/Src/stm32f4xx_hal.o
                0x08001df8                HAL_Init
 .text.HAL_InitTick
                0x08001e3c       0x60 ./Drivers/STM32F4xx_HAL_Driver/Src/stm32f4xx_hal.o
                0x08001e3c                HAL_InitTick
 .text.HAL_IncTick
                0x08001e9c       0x28 ./Drivers/STM32F4xx_HAL_Driver/Src/stm32f4xx_hal.o
                0x08001e9c                HAL_IncTick
 .text.HAL_GetTick
                0x08001ec4       0x18 ./Drivers/STM32F4xx_HAL_Driver/Src/stm32f4xx_hal.o
                0x08001ec4                HAL_GetTick
 .text.HAL_Delay
                0x08001edc       0x48 ./Drivers/STM32F4xx_HAL_Driver/Src/stm32f4xx_hal.o
                0x08001edc                HAL_Delay
 .text.__NVIC_SetPriorityGrouping
                0x08001f24       0x48 ./Drivers/STM32F4xx_HAL_Driver/Src/stm32f4xx_hal_cortex.o
 .text.__NVIC_GetPriorityGrouping
                0x08001f6c       0x1c ./Drivers/STM32F4xx_HAL_Driver/Src/stm32f4xx_hal_cortex.o
 .text.__NVIC_EnableIRQ
                0x08001f88       0x3c ./Drivers/STM32F4xx_HAL_Driver/Src/stm32f4xx_hal_cortex.o
 .text.__NVIC_SetPriority
                0x08001fc4       0x54 ./Drivers/STM32F4xx_HAL_Driver/Src/stm32f4xx_hal_cortex.o
 .text.NVIC_EncodePriority
                0x08002018       0x66 ./Drivers/STM32F4xx_HAL_Driver/Src/stm32f4xx_hal_cortex.o
 *fill*         0x0800207e        0x2 
 .text.SysTick_Config
                0x08002080       0x44 ./Drivers/STM32F4xx_HAL_Driver/Src/stm32f4xx_hal_cortex.o
 .text.HAL_NVIC_SetPriorityGrouping
                0x080020c4       0x16 ./Drivers/STM32F4xx_HAL_Driver/Src/stm32f4xx_hal_cortex.o
                0x080020c4                HAL_NVIC_SetPriorityGrouping
 .text.HAL_NVIC_SetPriority
                0x080020da       0x38 ./Drivers/STM32F4xx_HAL_Driver/Src/stm32f4xx_hal_cortex.o
                0x080020da                HAL_NVIC_SetPriority
 .text.HAL_NVIC_EnableIRQ
                0x08002112       0x1c ./Drivers/STM32F4xx_HAL_Driver/Src/stm32f4xx_hal_cortex.o
                0x08002112                HAL_NVIC_EnableIRQ
 .text.HAL_SYSTICK_Config
                0x0800212e       0x18 ./Drivers/STM32F4xx_HAL_Driver/Src/stm32f4xx_hal_cortex.o
                0x0800212e                HAL_SYSTICK_Config
 .text.HAL_DMA_Abort
                0x08002146       0xe0 ./Drivers/STM32F4xx_HAL_Driver/Src/stm32f4xx_hal_dma.o
                0x08002146                HAL_DMA_Abort
 .text.HAL_DMA_Abort_IT
                0x08002226       0x44 ./Drivers/STM32F4xx_HAL_Driver/Src/stm32f4xx_hal_dma.o
                0x08002226                HAL_DMA_Abort_IT
 *fill*         0x0800226a        0x2 
 .text.HAL_FLASH_Program
                0x0800226c       0xa4 ./Drivers/STM32F4xx_HAL_Driver/Src/stm32f4xx_hal_flash.o
                0x0800226c                HAL_FLASH_Program
 .text.HAL_FLASH_Unlock
                0x08002310       0x44 ./Drivers/STM32F4xx_HAL_Driver/Src/stm32f4xx_hal_flash.o
                0x08002310                HAL_FLASH_Unlock
 .text.HAL_FLASH_Lock
                0x08002354       0x20 ./Drivers/STM32F4xx_HAL_Driver/Src/stm32f4xx_hal_flash.o
                0x08002354                HAL_FLASH_Lock
 .text.FLASH_WaitForLastOperation
                0x08002374       0x80 ./Drivers/STM32F4xx_HAL_Driver/Src/stm32f4xx_hal_flash.o
                0x08002374                FLASH_WaitForLastOperation
 .text.FLASH_Program_DoubleWord
                0x080023f4       0x64 ./Drivers/STM32F4xx_HAL_Driver/Src/stm32f4xx_hal_flash.o
 .text.FLASH_Program_Word
                0x08002458       0x44 ./Drivers/STM32F4xx_HAL_Driver/Src/stm32f4xx_hal_flash.o
 .text.FLASH_Program_HalfWord
                0x0800249c       0x48 ./Drivers/STM32F4xx_HAL_Driver/Src/stm32f4xx_hal_flash.o
 .text.FLASH_Program_Byte
                0x080024e4       0x44 ./Drivers/STM32F4xx_HAL_Driver/Src/stm32f4xx_hal_flash.o
 .text.FLASH_SetErrorCode
                0x08002528       0xcc ./Drivers/STM32F4xx_HAL_Driver/Src/stm32f4xx_hal_flash.o
 .text.HAL_FLASHEx_Erase
                0x080025f4       0xdc ./Drivers/STM32F4xx_HAL_Driver/Src/stm32f4xx_hal_flash_ex.o
                0x080025f4                HAL_FLASHEx_Erase
 .text.FLASH_MassErase
                0x080026d0       0x48 ./Drivers/STM32F4xx_HAL_Driver/Src/stm32f4xx_hal_flash_ex.o
 .text.FLASH_Erase_Sector
                0x08002718       0x90 ./Drivers/STM32F4xx_HAL_Driver/Src/stm32f4xx_hal_flash_ex.o
                0x08002718                FLASH_Erase_Sector
 .text.FLASH_FlushCaches
                0x080027a8       0x8c ./Drivers/STM32F4xx_HAL_Driver/Src/stm32f4xx_hal_flash_ex.o
                0x080027a8                FLASH_FlushCaches
 .text.HAL_GPIO_Init
                0x08002834      0x308 ./Drivers/STM32F4xx_HAL_Driver/Src/stm32f4xx_hal_gpio.o
                0x08002834                HAL_GPIO_Init
 .text.HAL_GPIO_WritePin
                0x08002b3c       0x32 ./Drivers/STM32F4xx_HAL_Driver/Src/stm32f4xx_hal_gpio.o
                0x08002b3c                HAL_GPIO_WritePin
 .text.HAL_GPIO_TogglePin
                0x08002b6e       0x34 ./Drivers/STM32F4xx_HAL_Driver/Src/stm32f4xx_hal_gpio.o
                0x08002b6e                HAL_GPIO_TogglePin
 *fill*         0x08002ba2        0x2 
 .text.HAL_RCC_OscConfig
                0x08002ba4      0x4f0 ./Drivers/STM32F4xx_HAL_Driver/Src/stm32f4xx_hal_rcc.o
                0x08002ba4                HAL_RCC_OscConfig
 .text.HAL_RCC_ClockConfig
                0x08003094      0x1cc ./Drivers/STM32F4xx_HAL_Driver/Src/stm32f4xx_hal_rcc.o
                0x08003094                HAL_RCC_ClockConfig
 .text.HAL_RCC_GetSysClockFreq
                0x08003260      0x18c ./Drivers/STM32F4xx_HAL_Driver/Src/stm32f4xx_hal_rcc.o
                0x08003260                HAL_RCC_GetSysClockFreq
 .text.HAL_RCC_GetHCLKFreq
                0x080033ec       0x18 ./Drivers/STM32F4xx_HAL_Driver/Src/stm32f4xx_hal_rcc.o
                0x080033ec                HAL_RCC_GetHCLKFreq
 .text.HAL_RCC_GetPCLK1Freq
                0x08003404       0x28 ./Drivers/STM32F4xx_HAL_Driver/Src/stm32f4xx_hal_rcc.o
                0x08003404                HAL_RCC_GetPCLK1Freq
 .text.HAL_RCC_GetPCLK2Freq
                0x0800342c       0x28 ./Drivers/STM32F4xx_HAL_Driver/Src/stm32f4xx_hal_rcc.o
                0x0800342c                HAL_RCC_GetPCLK2Freq
 .text.HAL_SPI_Init
                0x08003454      0x112 ./Drivers/STM32F4xx_HAL_Driver/Src/stm32f4xx_hal_spi.o
                0x08003454                HAL_SPI_Init
 .text.HAL_SPI_TransmitReceive
                0x08003566      0x352 ./Drivers/STM32F4xx_HAL_Driver/Src/stm32f4xx_hal_spi.o
                0x08003566                HAL_SPI_TransmitReceive
 .text.SPI_WaitFlagStateUntilTimeout
                0x080038b8      0x110 ./Drivers/STM32F4xx_HAL_Driver/Src/stm32f4xx_hal_spi.o
 .text.SPI_EndRxTxTransaction
                0x080039c8       0xa8 ./Drivers/STM32F4xx_HAL_Driver/Src/stm32f4xx_hal_spi.o
 .text.HAL_TIM_Base_Init
                0x08003a70       0x9e ./Drivers/STM32F4xx_HAL_Driver/Src/stm32f4xx_hal_tim.o
                0x08003a70                HAL_TIM_Base_Init
 *fill*         0x08003b0e        0x2 
 .text.HAL_TIM_Base_Start
                0x08003b10       0xb4 ./Drivers/STM32F4xx_HAL_Driver/Src/stm32f4xx_hal_tim.o
                0x08003b10                HAL_TIM_Base_Start
 .text.HAL_TIM_ConfigClockSource
                0x08003bc4      0x18e ./Drivers/STM32F4xx_HAL_Driver/Src/stm32f4xx_hal_tim.o
                0x08003bc4                HAL_TIM_ConfigClockSource
 *fill*         0x08003d52        0x2 
 .text.TIM_Base_SetConfig
                0x08003d54      0x10c ./Drivers/STM32F4xx_HAL_Driver/Src/stm32f4xx_hal_tim.o
                0x08003d54                TIM_Base_SetConfig
 .text.TIM_TI1_ConfigInputStage
                0x08003e60       0x5e ./Drivers/STM32F4xx_HAL_Driver/Src/stm32f4xx_hal_tim.o
 .text.TIM_TI2_ConfigInputStage
                0x08003ebe       0x60 ./Drivers/STM32F4xx_HAL_Driver/Src/stm32f4xx_hal_tim.o
 .text.TIM_ITRx_SetConfig
                0x08003f1e       0x36 ./Drivers/STM32F4xx_HAL_Driver/Src/stm32f4xx_hal_tim.o
 .text.TIM_ETR_SetConfig
                0x08003f54       0x40 ./Drivers/STM32F4xx_HAL_Driver/Src/stm32f4xx_hal_tim.o
                0x08003f54                TIM_ETR_SetConfig
 .text.HAL_TIMEx_MasterConfigSynchronization
                0x08003f94       0xdc ./Drivers/STM32F4xx_HAL_Driver/Src/stm32f4xx_hal_tim_ex.o
                0x08003f94                HAL_TIMEx_MasterConfigSynchronization
 .text.HAL_HalfDuplex_Init
                0x08004070       0xb0 ./Drivers/STM32F4xx_HAL_Driver/Src/stm32f4xx_hal_uart.o
                0x08004070                HAL_HalfDuplex_Init
 .text.HAL_UART_Transmit
                0x08004120      0x116 ./Drivers/STM32F4xx_HAL_Driver/Src/stm32f4xx_hal_uart.o
                0x08004120                HAL_UART_Transmit
 .text.HAL_UARTEx_ReceiveToIdle_IT
                0x08004236       0xba ./Drivers/STM32F4xx_HAL_Driver/Src/stm32f4xx_hal_uart.o
                0x08004236                HAL_UARTEx_ReceiveToIdle_IT
 .text.HAL_UART_IRQHandler
                0x080042f0      0x554 ./Drivers/STM32F4xx_HAL_Driver/Src/stm32f4xx_hal_uart.o
                0x080042f0                HAL_UART_IRQHandler
 .text.HAL_UART_TxCpltCallback
                0x08004844       0x14 ./Drivers/STM32F4xx_HAL_Driver/Src/stm32f4xx_hal_uart.o
                0x08004844                HAL_UART_TxCpltCallback
 .text.HAL_UART_RxCpltCallback
                0x08004858       0x14 ./Drivers/STM32F4xx_HAL_Driver/Src/stm32f4xx_hal_uart.o
                0x08004858                HAL_UART_RxCpltCallback
 .text.HAL_UART_ErrorCallback
                0x0800486c       0x14 ./Drivers/STM32F4xx_HAL_Driver/Src/stm32f4xx_hal_uart.o
                0x0800486c                HAL_UART_ErrorCallback
 .text.HAL_HalfDuplex_EnableTransmitter
                0x08004880       0x68 ./Drivers/STM32F4xx_HAL_Driver/Src/stm32f4xx_hal_uart.o
                0x08004880                HAL_HalfDuplex_EnableTransmitter
 .text.HAL_HalfDuplex_EnableReceiver
                0x080048e8       0x68 ./Drivers/STM32F4xx_HAL_Driver/Src/stm32f4xx_hal_uart.o
                0x080048e8                HAL_HalfDuplex_EnableReceiver
 .text.UART_WaitOnFlagUntilTimeout
                0x08004950       0xb2 ./Drivers/STM32F4xx_HAL_Driver/Src/stm32f4xx_hal_uart.o
 .text.UART_Start_Receive_IT
                0x08004a02       0x74 ./Drivers/STM32F4xx_HAL_Driver/Src/stm32f4xx_hal_uart.o
                0x08004a02                UART_Start_Receive_IT
 .text.UART_EndRxTransfer
                0x08004a76       0xc6 ./Drivers/STM32F4xx_HAL_Driver/Src/stm32f4xx_hal_uart.o
 .text.UART_DMAAbortOnError
                0x08004b3c       0x22 ./Drivers/STM32F4xx_HAL_Driver/Src/stm32f4xx_hal_uart.o
 .text.UART_Transmit_IT
                0x08004b5e       0xa0 ./Drivers/STM32F4xx_HAL_Driver/Src/stm32f4xx_hal_uart.o
 .text.UART_EndTransmit_IT
                0x08004bfe       0x30 ./Drivers/STM32F4xx_HAL_Driver/Src/stm32f4xx_hal_uart.o
 .text.UART_Receive_IT
                0x08004c2e      0x17c ./Drivers/STM32F4xx_HAL_Driver/Src/stm32f4xx_hal_uart.o
 *fill*         0x08004daa        0x2 
 .text.UART_SetConfig
                0x08004dac      0x4e8 ./Drivers/STM32F4xx_HAL_Driver/Src/stm32f4xx_hal_uart.o
 .text.std      0x08005294       0x6c C:/Program Files/STMicroelectronics/STM32Cube/STM32CubeIDE/plugins/com.st.stm32cube.ide.mcu.externaltools.gnu-tools-for-stm32.13.3.rel1.win32_1.0.0.202411081344/tools/bin/../lib/gcc/arm-none-eabi/13.3.1/../../../../arm-none-eabi/lib/thumb/v7e-m+fp/hard\libc_nano.a(libc_a-findfp.o)
 .text.stdio_exit_handler
                0x08005300       0x18 C:/Program Files/STMicroelectronics/STM32Cube/STM32CubeIDE/plugins/com.st.stm32cube.ide.mcu.externaltools.gnu-tools-for-stm32.13.3.rel1.win32_1.0.0.202411081344/tools/bin/../lib/gcc/arm-none-eabi/13.3.1/../../../../arm-none-eabi/lib/thumb/v7e-m+fp/hard\libc_nano.a(libc_a-findfp.o)
 .text.cleanup_stdio
                0x08005318       0x40 C:/Program Files/STMicroelectronics/STM32Cube/STM32CubeIDE/plugins/com.st.stm32cube.ide.mcu.externaltools.gnu-tools-for-stm32.13.3.rel1.win32_1.0.0.202411081344/tools/bin/../lib/gcc/arm-none-eabi/13.3.1/../../../../arm-none-eabi/lib/thumb/v7e-m+fp/hard\libc_nano.a(libc_a-findfp.o)
 .text.global_stdio_init.part.0
                0x08005358       0x3c C:/Program Files/STMicroelectronics/STM32Cube/STM32CubeIDE/plugins/com.st.stm32cube.ide.mcu.externaltools.gnu-tools-for-stm32.13.3.rel1.win32_1.0.0.202411081344/tools/bin/../lib/gcc/arm-none-eabi/13.3.1/../../../../arm-none-eabi/lib/thumb/v7e-m+fp/hard\libc_nano.a(libc_a-findfp.o)
 .text.__sfp_lock_acquire
                0x08005394        0xc C:/Program Files/STMicroelectronics/STM32Cube/STM32CubeIDE/plugins/com.st.stm32cube.ide.mcu.externaltools.gnu-tools-for-stm32.13.3.rel1.win32_1.0.0.202411081344/tools/bin/../lib/gcc/arm-none-eabi/13.3.1/../../../../arm-none-eabi/lib/thumb/v7e-m+fp/hard\libc_nano.a(libc_a-findfp.o)
                0x08005394                __sfp_lock_acquire
 .text.__sfp_lock_release
                0x080053a0        0xc C:/Program Files/STMicroelectronics/STM32Cube/STM32CubeIDE/plugins/com.st.stm32cube.ide.mcu.externaltools.gnu-tools-for-stm32.13.3.rel1.win32_1.0.0.202411081344/tools/bin/../lib/gcc/arm-none-eabi/13.3.1/../../../../arm-none-eabi/lib/thumb/v7e-m+fp/hard\libc_nano.a(libc_a-findfp.o)
                0x080053a0                __sfp_lock_release
 .text.__sinit  0x080053ac       0x30 C:/Program Files/STMicroelectronics/STM32Cube/STM32CubeIDE/plugins/com.st.stm32cube.ide.mcu.externaltools.gnu-tools-for-stm32.13.3.rel1.win32_1.0.0.202411081344/tools/bin/../lib/gcc/arm-none-eabi/13.3.1/../../../../arm-none-eabi/lib/thumb/v7e-m+fp/hard\libc_nano.a(libc_a-findfp.o)
                0x080053ac                __sinit
 .text._fwalk_sglue
                0x080053dc       0x3c C:/Program Files/STMicroelectronics/STM32Cube/STM32CubeIDE/plugins/com.st.stm32cube.ide.mcu.externaltools.gnu-tools-for-stm32.13.3.rel1.win32_1.0.0.202411081344/tools/bin/../lib/gcc/arm-none-eabi/13.3.1/../../../../arm-none-eabi/lib/thumb/v7e-m+fp/hard\libc_nano.a(libc_a-fwalk.o)
                0x080053dc                _fwalk_sglue
 .text.printf   0x08005418       0x24 C:/Program Files/STMicroelectronics/STM32Cube/STM32CubeIDE/plugins/com.st.stm32cube.ide.mcu.externaltools.gnu-tools-for-stm32.13.3.rel1.win32_1.0.0.202411081344/tools/bin/../lib/gcc/arm-none-eabi/13.3.1/../../../../arm-none-eabi/lib/thumb/v7e-m+fp/hard\libc_nano.a(libc_a-printf.o)
                0x08005418                iprintf
                0x08005418                printf
 .text.putchar  0x0800543c       0x10 C:/Program Files/STMicroelectronics/STM32Cube/STM32CubeIDE/plugins/com.st.stm32cube.ide.mcu.externaltools.gnu-tools-for-stm32.13.3.rel1.win32_1.0.0.202411081344/tools/bin/../lib/gcc/arm-none-eabi/13.3.1/../../../../arm-none-eabi/lib/thumb/v7e-m+fp/hard\libc_nano.a(libc_a-putchar.o)
                0x0800543c                putchar
 .text._puts_r  0x0800544c       0xaa C:/Program Files/STMicroelectronics/STM32Cube/STM32CubeIDE/plugins/com.st.stm32cube.ide.mcu.externaltools.gnu-tools-for-stm32.13.3.rel1.win32_1.0.0.202411081344/tools/bin/../lib/gcc/arm-none-eabi/13.3.1/../../../../arm-none-eabi/lib/thumb/v7e-m+fp/hard\libc_nano.a(libc_a-puts.o)
                0x0800544c                _puts_r
 *fill*         0x080054f6        0x2 
 .text.puts     0x080054f8       0x10 C:/Program Files/STMicroelectronics/STM32Cube/STM32CubeIDE/plugins/com.st.stm32cube.ide.mcu.externaltools.gnu-tools-for-stm32.13.3.rel1.win32_1.0.0.202411081344/tools/bin/../lib/gcc/arm-none-eabi/13.3.1/../../../../arm-none-eabi/lib/thumb/v7e-m+fp/hard\libc_nano.a(libc_a-puts.o)
                0x080054f8                puts
 .text.setvbuf  0x08005508      0x168 C:/Program Files/STMicroelectronics/STM32Cube/STM32CubeIDE/plugins/com.st.stm32cube.ide.mcu.externaltools.gnu-tools-for-stm32.13.3.rel1.win32_1.0.0.202411081344/tools/bin/../lib/gcc/arm-none-eabi/13.3.1/../../../../arm-none-eabi/lib/thumb/v7e-m+fp/hard\libc_nano.a(libc_a-setvbuf.o)
                0x08005508                setvbuf
 .text.__sread  0x08005670       0x22 C:/Program Files/STMicroelectronics/STM32Cube/STM32CubeIDE/plugins/com.st.stm32cube.ide.mcu.externaltools.gnu-tools-for-stm32.13.3.rel1.win32_1.0.0.202411081344/tools/bin/../lib/gcc/arm-none-eabi/13.3.1/../../../../arm-none-eabi/lib/thumb/v7e-m+fp/hard\libc_nano.a(libc_a-stdio.o)
                0x08005670                __sread
 .text.__swrite
                0x08005692       0x38 C:/Program Files/STMicroelectronics/STM32Cube/STM32CubeIDE/plugins/com.st.stm32cube.ide.mcu.externaltools.gnu-tools-for-stm32.13.3.rel1.win32_1.0.0.202411081344/tools/bin/../lib/gcc/arm-none-eabi/13.3.1/../../../../arm-none-eabi/lib/thumb/v7e-m+fp/hard\libc_nano.a(libc_a-stdio.o)
                0x08005692                __swrite
 .text.__sseek  0x080056ca       0x24 C:/Program Files/STMicroelectronics/STM32Cube/STM32CubeIDE/plugins/com.st.stm32cube.ide.mcu.externaltools.gnu-tools-for-stm32.13.3.rel1.win32_1.0.0.202411081344/tools/bin/../lib/gcc/arm-none-eabi/13.3.1/../../../../arm-none-eabi/lib/thumb/v7e-m+fp/hard\libc_nano.a(libc_a-stdio.o)
                0x080056ca                __sseek
 .text.__sclose
                0x080056ee        0x8 C:/Program Files/STMicroelectronics/STM32Cube/STM32CubeIDE/plugins/com.st.stm32cube.ide.mcu.externaltools.gnu-tools-for-stm32.13.3.rel1.win32_1.0.0.202411081344/tools/bin/../lib/gcc/arm-none-eabi/13.3.1/../../../../arm-none-eabi/lib/thumb/v7e-m+fp/hard\libc_nano.a(libc_a-stdio.o)
                0x080056ee                __sclose
 .text.__swbuf_r
                0x080056f6       0x7c C:/Program Files/STMicroelectronics/STM32Cube/STM32CubeIDE/plugins/com.st.stm32cube.ide.mcu.externaltools.gnu-tools-for-stm32.13.3.rel1.win32_1.0.0.202411081344/tools/bin/../lib/gcc/arm-none-eabi/13.3.1/../../../../arm-none-eabi/lib/thumb/v7e-m+fp/hard\libc_nano.a(libc_a-wbuf.o)
                0x080056f6                __swbuf_r
 *fill*         0x08005772        0x2 
 .text.__swsetup_r
                0x08005774       0xac C:/Program Files/STMicroelectronics/STM32Cube/STM32CubeIDE/plugins/com.st.stm32cube.ide.mcu.externaltools.gnu-tools-for-stm32.13.3.rel1.win32_1.0.0.202411081344/tools/bin/../lib/gcc/arm-none-eabi/13.3.1/../../../../arm-none-eabi/lib/thumb/v7e-m+fp/hard\libc_nano.a(libc_a-wsetup.o)
                0x08005774                __swsetup_r
 .text.memcmp   0x08005820       0x20 C:/Program Files/STMicroelectronics/STM32Cube/STM32CubeIDE/plugins/com.st.stm32cube.ide.mcu.externaltools.gnu-tools-for-stm32.13.3.rel1.win32_1.0.0.202411081344/tools/bin/../lib/gcc/arm-none-eabi/13.3.1/../../../../arm-none-eabi/lib/thumb/v7e-m+fp/hard\libc_nano.a(libc_a-memcmp.o)
                0x08005820                memcmp
 .text.memset   0x08005840       0x10 C:/Program Files/STMicroelectronics/STM32Cube/STM32CubeIDE/plugins/com.st.stm32cube.ide.mcu.externaltools.gnu-tools-for-stm32.13.3.rel1.win32_1.0.0.202411081344/tools/bin/../lib/gcc/arm-none-eabi/13.3.1/../../../../arm-none-eabi/lib/thumb/v7e-m+fp/hard\libc_nano.a(libc_a-memset.o)
                0x08005840                memset
 .text._close_r
                0x08005850       0x20 C:/Program Files/STMicroelectronics/STM32Cube/STM32CubeIDE/plugins/com.st.stm32cube.ide.mcu.externaltools.gnu-tools-for-stm32.13.3.rel1.win32_1.0.0.202411081344/tools/bin/../lib/gcc/arm-none-eabi/13.3.1/../../../../arm-none-eabi/lib/thumb/v7e-m+fp/hard\libc_nano.a(libc_a-closer.o)
                0x08005850                _close_r
 .text._lseek_r
                0x08005870       0x24 C:/Program Files/STMicroelectronics/STM32Cube/STM32CubeIDE/plugins/com.st.stm32cube.ide.mcu.externaltools.gnu-tools-for-stm32.13.3.rel1.win32_1.0.0.202411081344/tools/bin/../lib/gcc/arm-none-eabi/13.3.1/../../../../arm-none-eabi/lib/thumb/v7e-m+fp/hard\libc_nano.a(libc_a-lseekr.o)
                0x08005870                _lseek_r
 .text._read_r  0x08005894       0x24 C:/Program Files/STMicroelectronics/STM32Cube/STM32CubeIDE/plugins/com.st.stm32cube.ide.mcu.externaltools.gnu-tools-for-stm32.13.3.rel1.win32_1.0.0.202411081344/tools/bin/../lib/gcc/arm-none-eabi/13.3.1/../../../../arm-none-eabi/lib/thumb/v7e-m+fp/hard\libc_nano.a(libc_a-readr.o)
                0x08005894                _read_r
 .text._write_r
                0x080058b8       0x24 C:/Program Files/STMicroelectronics/STM32Cube/STM32CubeIDE/plugins/com.st.stm32cube.ide.mcu.externaltools.gnu-tools-for-stm32.13.3.rel1.win32_1.0.0.202411081344/tools/bin/../lib/gcc/arm-none-eabi/13.3.1/../../../../arm-none-eabi/lib/thumb/v7e-m+fp/hard\libc_nano.a(libc_a-writer.o)
                0x080058b8                _write_r
 .text.__errno  0x080058dc        0xc C:/Program Files/STMicroelectronics/STM32Cube/STM32CubeIDE/plugins/com.st.stm32cube.ide.mcu.externaltools.gnu-tools-for-stm32.13.3.rel1.win32_1.0.0.202411081344/tools/bin/../lib/gcc/arm-none-eabi/13.3.1/../../../../arm-none-eabi/lib/thumb/v7e-m+fp/hard\libc_nano.a(libc_a-errno.o)
                0x080058dc                __errno
 .text.__libc_init_array
                0x080058e8       0x48 C:/Program Files/STMicroelectronics/STM32Cube/STM32CubeIDE/plugins/com.st.stm32cube.ide.mcu.externaltools.gnu-tools-for-stm32.13.3.rel1.win32_1.0.0.202411081344/tools/bin/../lib/gcc/arm-none-eabi/13.3.1/../../../../arm-none-eabi/lib/thumb/v7e-m+fp/hard\libc_nano.a(libc_a-init.o)
                0x080058e8                __libc_init_array
 .text.__retarget_lock_init_recursive
                0x08005930        0x2 C:/Program Files/STMicroelectronics/STM32Cube/STM32CubeIDE/plugins/com.st.stm32cube.ide.mcu.externaltools.gnu-tools-for-stm32.13.3.rel1.win32_1.0.0.202411081344/tools/bin/../lib/gcc/arm-none-eabi/13.3.1/../../../../arm-none-eabi/lib/thumb/v7e-m+fp/hard\libc_nano.a(libc_a-lock.o)
                0x08005930                __retarget_lock_init_recursive
 .text.__retarget_lock_acquire_recursive
                0x08005932        0x2 C:/Program Files/STMicroelectronics/STM32Cube/STM32CubeIDE/plugins/com.st.stm32cube.ide.mcu.externaltools.gnu-tools-for-stm32.13.3.rel1.win32_1.0.0.202411081344/tools/bin/../lib/gcc/arm-none-eabi/13.3.1/../../../../arm-none-eabi/lib/thumb/v7e-m+fp/hard\libc_nano.a(libc_a-lock.o)
                0x08005932                __retarget_lock_acquire_recursive
 .text.__retarget_lock_release_recursive
                0x08005934        0x2 C:/Program Files/STMicroelectronics/STM32Cube/STM32CubeIDE/plugins/com.st.stm32cube.ide.mcu.externaltools.gnu-tools-for-stm32.13.3.rel1.win32_1.0.0.202411081344/tools/bin/../lib/gcc/arm-none-eabi/13.3.1/../../../../arm-none-eabi/lib/thumb/v7e-m+fp/hard\libc_nano.a(libc_a-lock.o)
                0x08005934                __retarget_lock_release_recursive
 *fill*         0x08005936        0x2 
 .text._free_r  0x08005938       0x94 C:/Program Files/STMicroelectronics/STM32Cube/STM32CubeIDE/plugins/com.st.stm32cube.ide.mcu.externaltools.gnu-tools-for-stm32.13.3.rel1.win32_1.0.0.202411081344/tools/bin/../lib/gcc/arm-none-eabi/13.3.1/../../../../arm-none-eabi/lib/thumb/v7e-m+fp/hard\libc_nano.a(libc_a-freer.o)
                0x08005938                _free_r
 .text.malloc   0x080059cc       0x10 C:/Program Files/STMicroelectronics/STM32Cube/STM32CubeIDE/plugins/com.st.stm32cube.ide.mcu.externaltools.gnu-tools-for-stm32.13.3.rel1.win32_1.0.0.202411081344/tools/bin/../lib/gcc/arm-none-eabi/13.3.1/../../../../arm-none-eabi/lib/thumb/v7e-m+fp/hard\libc_nano.a(libc_a-malloc.o)
                0x080059cc                malloc
 .text.sbrk_aligned
                0x080059dc       0x44 C:/Program Files/STMicroelectronics/STM32Cube/STM32CubeIDE/plugins/com.st.stm32cube.ide.mcu.externaltools.gnu-tools-for-stm32.13.3.rel1.win32_1.0.0.202411081344/tools/bin/../lib/gcc/arm-none-eabi/13.3.1/../../../../arm-none-eabi/lib/thumb/v7e-m+fp/hard\libc_nano.a(libc_a-mallocr.o)
 .text._malloc_r
                0x08005a20      0x100 C:/Program Files/STMicroelectronics/STM32Cube/STM32CubeIDE/plugins/com.st.stm32cube.ide.mcu.externaltools.gnu-tools-for-stm32.13.3.rel1.win32_1.0.0.202411081344/tools/bin/../lib/gcc/arm-none-eabi/13.3.1/../../../../arm-none-eabi/lib/thumb/v7e-m+fp/hard\libc_nano.a(libc_a-mallocr.o)
                0x08005a20                _malloc_r
 .text.__malloc_lock
                0x08005b20        0xc C:/Program Files/STMicroelectronics/STM32Cube/STM32CubeIDE/plugins/com.st.stm32cube.ide.mcu.externaltools.gnu-tools-for-stm32.13.3.rel1.win32_1.0.0.202411081344/tools/bin/../lib/gcc/arm-none-eabi/13.3.1/../../../../arm-none-eabi/lib/thumb/v7e-m+fp/hard\libc_nano.a(libc_a-mlock.o)
                0x08005b20                __malloc_lock
 .text.__malloc_unlock
                0x08005b2c        0xc C:/Program Files/STMicroelectronics/STM32Cube/STM32CubeIDE/plugins/com.st.stm32cube.ide.mcu.externaltools.gnu-tools-for-stm32.13.3.rel1.win32_1.0.0.202411081344/tools/bin/../lib/gcc/arm-none-eabi/13.3.1/../../../../arm-none-eabi/lib/thumb/v7e-m+fp/hard\libc_nano.a(libc_a-mlock.o)
                0x08005b2c                __malloc_unlock
 .text.__sfputc_r
                0x08005b38       0x2e C:/Program Files/STMicroelectronics/STM32Cube/STM32CubeIDE/plugins/com.st.stm32cube.ide.mcu.externaltools.gnu-tools-for-stm32.13.3.rel1.win32_1.0.0.202411081344/tools/bin/../lib/gcc/arm-none-eabi/13.3.1/../../../../arm-none-eabi/lib/thumb/v7e-m+fp/hard\libc_nano.a(libc_a-nano-vfprintf.o)
 .text.__sfputs_r
                0x08005b66       0x24 C:/Program Files/STMicroelectronics/STM32Cube/STM32CubeIDE/plugins/com.st.stm32cube.ide.mcu.externaltools.gnu-tools-for-stm32.13.3.rel1.win32_1.0.0.202411081344/tools/bin/../lib/gcc/arm-none-eabi/13.3.1/../../../../arm-none-eabi/lib/thumb/v7e-m+fp/hard\libc_nano.a(libc_a-nano-vfprintf.o)
                0x08005b66                __sfputs_r
 *fill*         0x08005b8a        0x2 
 .text._vfprintf_r
                0x08005b8c      0x230 C:/Program Files/STMicroelectronics/STM32Cube/STM32CubeIDE/plugins/com.st.stm32cube.ide.mcu.externaltools.gnu-tools-for-stm32.13.3.rel1.win32_1.0.0.202411081344/tools/bin/../lib/gcc/arm-none-eabi/13.3.1/../../../../arm-none-eabi/lib/thumb/v7e-m+fp/hard\libc_nano.a(libc_a-nano-vfprintf.o)
                0x08005b8c                _vfprintf_r
                0x08005b8c                _vfiprintf_r
 .text._printf_common
                0x08005dbc       0xda C:/Program Files/STMicroelectronics/STM32Cube/STM32CubeIDE/plugins/com.st.stm32cube.ide.mcu.externaltools.gnu-tools-for-stm32.13.3.rel1.win32_1.0.0.202411081344/tools/bin/../lib/gcc/arm-none-eabi/13.3.1/../../../../arm-none-eabi/lib/thumb/v7e-m+fp/hard\libc_nano.a(libc_a-nano-vfprintf_i.o)
                0x08005dbc                _printf_common
 *fill*         0x08005e96        0x2 
 .text._printf_i
                0x08005e98      0x23c C:/Program Files/STMicroelectronics/STM32Cube/STM32CubeIDE/plugins/com.st.stm32cube.ide.mcu.externaltools.gnu-tools-for-stm32.13.3.rel1.win32_1.0.0.202411081344/tools/bin/../lib/gcc/arm-none-eabi/13.3.1/../../../../arm-none-eabi/lib/thumb/v7e-m+fp/hard\libc_nano.a(libc_a-nano-vfprintf_i.o)
                0x08005e98                _printf_i
 .text.__sflush_r
                0x080060d4      0x108 C:/Program Files/STMicroelectronics/STM32Cube/STM32CubeIDE/plugins/com.st.stm32cube.ide.mcu.externaltools.gnu-tools-for-stm32.13.3.rel1.win32_1.0.0.202411081344/tools/bin/../lib/gcc/arm-none-eabi/13.3.1/../../../../arm-none-eabi/lib/thumb/v7e-m+fp/hard\libc_nano.a(libc_a-fflush.o)
                0x080060d4                __sflush_r
 .text._fflush_r
                0x080061dc       0x50 C:/Program Files/STMicroelectronics/STM32Cube/STM32CubeIDE/plugins/com.st.stm32cube.ide.mcu.externaltools.gnu-tools-for-stm32.13.3.rel1.win32_1.0.0.202411081344/tools/bin/../lib/gcc/arm-none-eabi/13.3.1/../../../../arm-none-eabi/lib/thumb/v7e-m+fp/hard\libc_nano.a(libc_a-fflush.o)
                0x080061dc                _fflush_r
 .text.__swhatbuf_r
                0x0800622c       0x4c C:/Program Files/STMicroelectronics/STM32Cube/STM32CubeIDE/plugins/com.st.stm32cube.ide.mcu.externaltools.gnu-tools-for-stm32.13.3.rel1.win32_1.0.0.202411081344/tools/bin/../lib/gcc/arm-none-eabi/13.3.1/../../../../arm-none-eabi/lib/thumb/v7e-m+fp/hard\libc_nano.a(libc_a-makebuf.o)
                0x0800622c                __swhatbuf_r
 .text.__smakebuf_r
                0x08006278       0x78 C:/Program Files/STMicroelectronics/STM32Cube/STM32CubeIDE/plugins/com.st.stm32cube.ide.mcu.externaltools.gnu-tools-for-stm32.13.3.rel1.win32_1.0.0.202411081344/tools/bin/../lib/gcc/arm-none-eabi/13.3.1/../../../../arm-none-eabi/lib/thumb/v7e-m+fp/hard\libc_nano.a(libc_a-makebuf.o)
                0x08006278                __smakebuf_r
 .text._putc_r  0x080062f0       0x68 C:/Program Files/STMicroelectronics/STM32Cube/STM32CubeIDE/plugins/com.st.stm32cube.ide.mcu.externaltools.gnu-tools-for-stm32.13.3.rel1.win32_1.0.0.202411081344/tools/bin/../lib/gcc/arm-none-eabi/13.3.1/../../../../arm-none-eabi/lib/thumb/v7e-m+fp/hard\libc_nano.a(libc_a-putc.o)
                0x080062f0                _putc_r
 .text._fstat_r
                0x08006358       0x24 C:/Program Files/STMicroelectronics/STM32Cube/STM32CubeIDE/plugins/com.st.stm32cube.ide.mcu.externaltools.gnu-tools-for-stm32.13.3.rel1.win32_1.0.0.202411081344/tools/bin/../lib/gcc/arm-none-eabi/13.3.1/../../../../arm-none-eabi/lib/thumb/v7e-m+fp/hard\libc_nano.a(libc_a-fstatr.o)
                0x08006358                _fstat_r
 .text._isatty_r
                0x0800637c       0x20 C:/Program Files/STMicroelectronics/STM32Cube/STM32CubeIDE/plugins/com.st.stm32cube.ide.mcu.externaltools.gnu-tools-for-stm32.13.3.rel1.win32_1.0.0.202411081344/tools/bin/../lib/gcc/arm-none-eabi/13.3.1/../../../../arm-none-eabi/lib/thumb/v7e-m+fp/hard\libc_nano.a(libc_a-isattyr.o)
                0x0800637c                _isatty_r
 .text._sbrk_r  0x0800639c       0x20 C:/Program Files/STMicroelectronics/STM32Cube/STM32CubeIDE/plugins/com.st.stm32cube.ide.mcu.externaltools.gnu-tools-for-stm32.13.3.rel1.win32_1.0.0.202411081344/tools/bin/../lib/gcc/arm-none-eabi/13.3.1/../../../../arm-none-eabi/lib/thumb/v7e-m+fp/hard\libc_nano.a(libc_a-sbrkr.o)
                0x0800639c                _sbrk_r
 *(.glue_7)
 .glue_7        0x080063bc        0x0 linker stubs
 *(.glue_7t)
 .glue_7t       0x080063bc        0x0 linker stubs
 *(.eh_frame)
 .eh_frame      0x080063bc        0x0 C:/Program Files/STMicroelectronics/STM32Cube/STM32CubeIDE/plugins/com.st.stm32cube.ide.mcu.externaltools.gnu-tools-for-stm32.13.3.rel1.win32_1.0.0.202411081344/tools/bin/../lib/gcc/arm-none-eabi/13.3.1/thumb/v7e-m+fp/hard/crtbegin.o
 *(.init)
 .init          0x080063bc        0x4 C:/Program Files/STMicroelectronics/STM32Cube/STM32CubeIDE/plugins/com.st.stm32cube.ide.mcu.externaltools.gnu-tools-for-stm32.13.3.rel1.win32_1.0.0.202411081344/tools/bin/../lib/gcc/arm-none-eabi/13.3.1/thumb/v7e-m+fp/hard/crti.o
                0x080063bc                _init
 .init          0x080063c0        0x8 C:/Program Files/STMicroelectronics/STM32Cube/STM32CubeIDE/plugins/com.st.stm32cube.ide.mcu.externaltools.gnu-tools-for-stm32.13.3.rel1.win32_1.0.0.202411081344/tools/bin/../lib/gcc/arm-none-eabi/13.3.1/thumb/v7e-m+fp/hard/crtn.o
 *(.fini)
 .fini          0x080063c8        0x4 C:/Program Files/STMicroelectronics/STM32Cube/STM32CubeIDE/plugins/com.st.stm32cube.ide.mcu.externaltools.gnu-tools-for-stm32.13.3.rel1.win32_1.0.0.202411081344/tools/bin/../lib/gcc/arm-none-eabi/13.3.1/thumb/v7e-m+fp/hard/crti.o
                0x080063c8                _fini
 .fini          0x080063cc        0x8 C:/Program Files/STMicroelectronics/STM32Cube/STM32CubeIDE/plugins/com.st.stm32cube.ide.mcu.externaltools.gnu-tools-for-stm32.13.3.rel1.win32_1.0.0.202411081344/tools/bin/../lib/gcc/arm-none-eabi/13.3.1/thumb/v7e-m+fp/hard/crtn.o
                0x080063d4                        . = ALIGN (0x4)
                0x080063d4                        _etext = .

.vfp11_veneer   0x080063d4        0x0
 .vfp11_veneer  0x080063d4        0x0 linker stubs

.v4_bx          0x080063d4        0x0
 .v4_bx         0x080063d4        0x0 linker stubs

.iplt           0x080063d4        0x0
 .iplt          0x080063d4        0x0 C:/Program Files/STMicroelectronics/STM32Cube/STM32CubeIDE/plugins/com.st.stm32cube.ide.mcu.externaltools.gnu-tools-for-stm32.13.3.rel1.win32_1.0.0.202411081344/tools/bin/../lib/gcc/arm-none-eabi/13.3.1/thumb/v7e-m+fp/hard/crtbegin.o

.rodata         0x080063d4      0x47c
                0x080063d4                        . = ALIGN (0x4)
 *(.rodata)
 .rodata        0x080063d4      0x41a ./Core/Src/main.o
 *(.rodata*)
 *fill*         0x080067ee        0x2 
 .rodata.DialDirections
                0x080067f0       0x10 ./Core/Src/main.o
 .rodata.DUMMY.0
                0x08006800        0x1 ./Core/Src/main.o
 *fill*         0x08006801        0x3 
 .rodata.AHBPrescTable
                0x08006804       0x10 ./Core/Src/system_stm32f4xx.o
                0x08006804                AHBPrescTable
 .rodata.APBPrescTable
                0x08006814        0x8 ./Core/Src/system_stm32f4xx.o
                0x08006814                APBPrescTable
 .rodata._vfprintf_r.str1.1
                0x0800681c       0x33 C:/Program Files/STMicroelectronics/STM32Cube/STM32CubeIDE/plugins/com.st.stm32cube.ide.mcu.externaltools.gnu-tools-for-stm32.13.3.rel1.win32_1.0.0.202411081344/tools/bin/../lib/gcc/arm-none-eabi/13.3.1/../../../../arm-none-eabi/lib/thumb/v7e-m+fp/hard\libc_nano.a(libc_a-nano-vfprintf.o)
                                 0x11 (size before relaxing)
 .rodata._printf_i.str1.1
                0x0800684f       0x22 C:/Program Files/STMicroelectronics/STM32Cube/STM32CubeIDE/plugins/com.st.stm32cube.ide.mcu.externaltools.gnu-tools-for-stm32.13.3.rel1.win32_1.0.0.202411081344/tools/bin/../lib/gcc/arm-none-eabi/13.3.1/../../../../arm-none-eabi/lib/thumb/v7e-m+fp/hard\libc_nano.a(libc_a-nano-vfprintf_i.o)
                0x08006874                        . = ALIGN (0x4)
 *fill*         0x0800684f        0x1 

.ARM.extab      0x08006850        0x0
                0x08006850                        . = ALIGN (0x4)
 *(.ARM.extab* .gnu.linkonce.armextab.*)
                0x08006850                        . = ALIGN (0x4)

.ARM            0x08006850        0x8
                0x08006850                        . = ALIGN (0x4)
                0x08006850                        __exidx_start = .
 *(.ARM.exidx*)
 .ARM.exidx     0x08006850        0x8 C:/Program Files/STMicroelectronics/STM32Cube/STM32CubeIDE/plugins/com.st.stm32cube.ide.mcu.externaltools.gnu-tools-for-stm32.13.3.rel1.win32_1.0.0.202411081344/tools/bin/../lib/gcc/arm-none-eabi/13.3.1/../../../../arm-none-eabi/lib/thumb/v7e-m+fp/hard\libc_nano.a(libc_a-memchr.o)
 .ARM.exidx     0x08006858        0x0 C:/Program Files/STMicroelectronics/STM32Cube/STM32CubeIDE/plugins/com.st.stm32cube.ide.mcu.externaltools.gnu-tools-for-stm32.13.3.rel1.win32_1.0.0.202411081344/tools/bin/../lib/gcc/arm-none-eabi/13.3.1/thumb/v7e-m+fp/hard\libgcc.a(_udivmoddi4.o)
                                  0x8 (size before relaxing)
                0x08006858                        __exidx_end = .
                0x08006858                        . = ALIGN (0x4)

.preinit_array  0x08006858        0x0
                0x08006858                        . = ALIGN (0x4)
                0x08006858                        PROVIDE (__preinit_array_start = .)
 *(.preinit_array*)
                0x08006858                        PROVIDE (__preinit_array_end = .)
                0x08006858                        . = ALIGN (0x4)

.init_array     0x08006858        0x4
                0x08006858                        . = ALIGN (0x4)
                0x08006858                        PROVIDE (__init_array_start = .)
 *(SORT_BY_NAME(.init_array.*))
 *(.init_array*)
 .init_array    0x08006858        0x4 C:/Program Files/STMicroelectronics/STM32Cube/STM32CubeIDE/plugins/com.st.stm32cube.ide.mcu.externaltools.gnu-tools-for-stm32.13.3.rel1.win32_1.0.0.202411081344/tools/bin/../lib/gcc/arm-none-eabi/13.3.1/thumb/v7e-m+fp/hard/crtbegin.o
                0x0800685c                        PROVIDE (__init_array_end = .)
                0x0800685c                        . = ALIGN (0x4)

.fini_array     0x0800685c        0x4
                0x0800685c                        . = ALIGN (0x4)
                [!provide]                        PROVIDE (__fini_array_start = .)
 *(SORT_BY_NAME(.fini_array.*))
 *(.fini_array*)
 .fini_array    0x0800685c        0x4 C:/Program Files/STMicroelectronics/STM32Cube/STM32CubeIDE/plugins/com.st.stm32cube.ide.mcu.externaltools.gnu-tools-for-stm32.13.3.rel1.win32_1.0.0.202411081344/tools/bin/../lib/gcc/arm-none-eabi/13.3.1/thumb/v7e-m+fp/hard/crtbegin.o
                [!provide]                        PROVIDE (__fini_array_end = .)
                0x08006860                        . = ALIGN (0x4)
                0x08006860                        _sidata = LOADADDR (.data)

.rel.dyn        0x08006860        0x0
 .rel.iplt      0x08006860        0x0 C:/Program Files/STMicroelectronics/STM32Cube/STM32CubeIDE/plugins/com.st.stm32cube.ide.mcu.externaltools.gnu-tools-for-stm32.13.3.rel1.win32_1.0.0.202411081344/tools/bin/../lib/gcc/arm-none-eabi/13.3.1/thumb/v7e-m+fp/hard/crtbegin.o

.data           0x20000000      0x3a4 load address 0x08006860
                0x20000000                        . = ALIGN (0x4)
                0x20000000                        _sdata = .
 *(.data)
 *(.data*)
 .data.calibData
                0x20000000       0x18 ./Core/Src/main.o
                0x20000000                calibData
 .data.CurrThumbStickX
                0x20000018        0x2 ./Core/Src/main.o
                0x20000018                CurrThumbStickX
 .data.CurrThumbStickY
                0x2000001a        0x2 ./Core/Src/main.o
                0x2000001a                CurrThumbStickY
 .data.CurrTwistZ
                0x2000001c        0x2 ./Core/Src/main.o
                0x2000001c                CurrTwistZ
 .data.CurrSlider
                0x2000001e        0x2 ./Core/Src/main.o
                0x2000001e                CurrSlider
 .data.VP_Buffer
                0x20000020        0xe ./Core/Src/main.o
                0x20000020                VP_Buffer
 *fill*         0x2000002e        0x2 
 .data.WW_Cache
                0x20000030      0x12c ./Core/Src/main.o
                0x20000030                WW_Cache
 .data.cache_count
                0x2000015c        0x4 ./Core/Src/main.o
                0x2000015c                cache_count
 .data.ButtonMap
                0x20000160      0x1b8 ./Core/Src/main.o
                0x20000160                ButtonMap
 .data.ButtonCount
                0x20000318        0x4 ./Core/Src/main.o
                0x20000318                ButtonCount
 .data.SystemCoreClock
                0x2000031c        0x4 ./Core/Src/system_stm32f4xx.o
                0x2000031c                SystemCoreClock
 .data.uwTickPrio
                0x20000320        0x4 ./Drivers/STM32F4xx_HAL_Driver/Src/stm32f4xx_hal.o
                0x20000320                uwTickPrio
 .data.uwTickFreq
                0x20000324        0x1 ./Drivers/STM32F4xx_HAL_Driver/Src/stm32f4xx_hal.o
                0x20000324                uwTickFreq
 *fill*         0x20000325        0x3 
 .data.pFlash   0x20000328       0x20 ./Drivers/STM32F4xx_HAL_Driver/Src/stm32f4xx_hal_flash.o
                0x20000328                pFlash
 .data.__sglue  0x20000348        0xc C:/Program Files/STMicroelectronics/STM32Cube/STM32CubeIDE/plugins/com.st.stm32cube.ide.mcu.externaltools.gnu-tools-for-stm32.13.3.rel1.win32_1.0.0.202411081344/tools/bin/../lib/gcc/arm-none-eabi/13.3.1/../../../../arm-none-eabi/lib/thumb/v7e-m+fp/hard\libc_nano.a(libc_a-findfp.o)
                0x20000348                __sglue
 .data._impure_ptr
                0x20000354        0x4 C:/Program Files/STMicroelectronics/STM32Cube/STM32CubeIDE/plugins/com.st.stm32cube.ide.mcu.externaltools.gnu-tools-for-stm32.13.3.rel1.win32_1.0.0.202411081344/tools/bin/../lib/gcc/arm-none-eabi/13.3.1/../../../../arm-none-eabi/lib/thumb/v7e-m+fp/hard\libc_nano.a(libc_a-impure.o)
                0x20000354                _impure_ptr
 .data._impure_data
                0x20000358       0x4c C:/Program Files/STMicroelectronics/STM32Cube/STM32CubeIDE/plugins/com.st.stm32cube.ide.mcu.externaltools.gnu-tools-for-stm32.13.3.rel1.win32_1.0.0.202411081344/tools/bin/../lib/gcc/arm-none-eabi/13.3.1/../../../../arm-none-eabi/lib/thumb/v7e-m+fp/hard\libc_nano.a(libc_a-impure.o)
                0x20000358                _impure_data
 *(.RamFunc)
 *(.RamFunc*)
                0x200003a4                        . = ALIGN (0x4)
                0x200003a4                        _edata = .

.igot.plt       0x200003a4        0x0 load address 0x08006c04
 .igot.plt      0x200003a4        0x0 C:/Program Files/STMicroelectronics/STM32Cube/STM32CubeIDE/plugins/com.st.stm32cube.ide.mcu.externaltools.gnu-tools-for-stm32.13.3.rel1.win32_1.0.0.202411081344/tools/bin/../lib/gcc/arm-none-eabi/13.3.1/thumb/v7e-m+fp/hard/crtbegin.o
                0x200003a4                        . = ALIGN (0x4)

.bss            0x200003a4      0x28c load address 0x08006c04
                0x200003a4                        _sbss = .
                0x200003a4                        __bss_start__ = _sbss
 *(.bss)
 .bss           0x200003a4       0x1c C:/Program Files/STMicroelectronics/STM32Cube/STM32CubeIDE/plugins/com.st.stm32cube.ide.mcu.externaltools.gnu-tools-for-stm32.13.3.rel1.win32_1.0.0.202411081344/tools/bin/../lib/gcc/arm-none-eabi/13.3.1/thumb/v7e-m+fp/hard/crtbegin.o
 *(.bss*)
 .bss.hspi2     0x200003c0       0x58 ./Core/Src/main.o
                0x200003c0                hspi2
 .bss.htim1     0x20000418       0x48 ./Core/Src/main.o
                0x20000418                htim1
 .bss.huart1    0x20000460       0x48 ./Core/Src/main.o
                0x20000460                huart1
 .bss.PrevDialBits
                0x200004a8        0x1 ./Core/Src/main.o
                0x200004a8                PrevDialBits
 .bss.RedDown   0x200004a9        0x1 ./Core/Src/main.o
                0x200004a9                RedDown
 .bss.BlackDown
                0x200004aa        0x1 ./Core/Src/main.o
                0x200004aa                BlackDown
 .bss.DialDown  0x200004ab        0x1 ./Core/Src/main.o
                0x200004ab                DialDown
 .bss.lastBlink
                0x200004ac        0x4 ./Core/Src/main.o
                0x200004ac                lastBlink
 .bss.lastCheck
                0x200004b0        0x4 ./Core/Src/main.o
                0x200004b0                lastCheck
 .bss.blinkDelay
                0x200004b4        0x4 ./Core/Src/main.o
                0x200004b4                blinkDelay
 .bss.DialHandleTime
                0x200004b8        0x4 ./Core/Src/main.o
                0x200004b8                DialHandleTime
 .bss.DialHandleTicks
                0x200004bc        0x1 ./Core/Src/main.o
                0x200004bc                DialHandleTicks
 .bss.BS_Hat    0x200004bd        0x1 ./Core/Src/main.o
                0x200004bd                BS_Hat
 .bss.BS_Center
                0x200004be        0x1 ./Core/Src/main.o
                0x200004be                BS_Center
 .bss.BS_Side   0x200004bf        0x1 ./Core/Src/main.o
                0x200004bf                BS_Side
 .bss.BS_Thumb  0x200004c0        0x1 ./Core/Src/main.o
                0x200004c0                BS_Thumb
 *fill*         0x200004c1        0x3 
 .bss.WW_Request
                0x200004c4        0x8 ./Core/Src/main.o
                0x200004c4                WW_Request
 .bss.WWRequestLen
                0x200004cc        0x2 ./Core/Src/main.o
                0x200004cc                WWRequestLen
 *fill*         0x200004ce        0x2 
 .bss.LastInvalidVirpilFrameTime
                0x200004d0        0x4 ./Core/Src/main.o
                0x200004d0                LastInvalidVirpilFrameTime
 .bss.CalibrationEnterTime
                0x200004d4        0x4 ./Core/Src/main.o
                0x200004d4                CalibrationEnterTime
 .bss.CalibrationJustEntered
                0x200004d8        0x1 ./Core/Src/main.o
                0x200004d8                CalibrationJustEntered
 .bss.CalibrationActive
                0x200004d9        0x1 ./Core/Src/main.o
                0x200004d9                CalibrationActive
 .bss.DialDirection
                0x200004da        0x1 ./Core/Src/main.o
                0x200004da                DialDirection
 *fill*         0x200004db        0x1 
 .bss.__sbrk_heap_end
                0x200004dc        0x4 ./Core/Src/sysmem.o
 .bss.uwTick    0x200004e0        0x4 ./Drivers/STM32F4xx_HAL_Driver/Src/stm32f4xx_hal.o
                0x200004e0                uwTick
 .bss.__sf      0x200004e4      0x138 C:/Program Files/STMicroelectronics/STM32Cube/STM32CubeIDE/plugins/com.st.stm32cube.ide.mcu.externaltools.gnu-tools-for-stm32.13.3.rel1.win32_1.0.0.202411081344/tools/bin/../lib/gcc/arm-none-eabi/13.3.1/../../../../arm-none-eabi/lib/thumb/v7e-m+fp/hard\libc_nano.a(libc_a-findfp.o)
                0x200004e4                __sf
 .bss.__stdio_exit_handler
                0x2000061c        0x4 C:/Program Files/STMicroelectronics/STM32Cube/STM32CubeIDE/plugins/com.st.stm32cube.ide.mcu.externaltools.gnu-tools-for-stm32.13.3.rel1.win32_1.0.0.202411081344/tools/bin/../lib/gcc/arm-none-eabi/13.3.1/../../../../arm-none-eabi/lib/thumb/v7e-m+fp/hard\libc_nano.a(libc_a-findfp.o)
                0x2000061c                __stdio_exit_handler
 .bss.errno     0x20000620        0x4 C:/Program Files/STMicroelectronics/STM32Cube/STM32CubeIDE/plugins/com.st.stm32cube.ide.mcu.externaltools.gnu-tools-for-stm32.13.3.rel1.win32_1.0.0.202411081344/tools/bin/../lib/gcc/arm-none-eabi/13.3.1/../../../../arm-none-eabi/lib/thumb/v7e-m+fp/hard\libc_nano.a(libc_a-reent.o)
                0x20000620                errno
 .bss.__lock___malloc_recursive_mutex
                0x20000624        0x1 C:/Program Files/STMicroelectronics/STM32Cube/STM32CubeIDE/plugins/com.st.stm32cube.ide.mcu.externaltools.gnu-tools-for-stm32.13.3.rel1.win32_1.0.0.202411081344/tools/bin/../lib/gcc/arm-none-eabi/13.3.1/../../../../arm-none-eabi/lib/thumb/v7e-m+fp/hard\libc_nano.a(libc_a-lock.o)
                0x20000624                __lock___malloc_recursive_mutex
 .bss.__lock___sfp_recursive_mutex
                0x20000625        0x1 C:/Program Files/STMicroelectronics/STM32Cube/STM32CubeIDE/plugins/com.st.stm32cube.ide.mcu.externaltools.gnu-tools-for-stm32.13.3.rel1.win32_1.0.0.202411081344/tools/bin/../lib/gcc/arm-none-eabi/13.3.1/../../../../arm-none-eabi/lib/thumb/v7e-m+fp/hard\libc_nano.a(libc_a-lock.o)
                0x20000625                __lock___sfp_recursive_mutex
 *fill*         0x20000626        0x2 
 .bss.__malloc_sbrk_start
                0x20000628        0x4 C:/Program Files/STMicroelectronics/STM32Cube/STM32CubeIDE/plugins/com.st.stm32cube.ide.mcu.externaltools.gnu-tools-for-stm32.13.3.rel1.win32_1.0.0.202411081344/tools/bin/../lib/gcc/arm-none-eabi/13.3.1/../../../../arm-none-eabi/lib/thumb/v7e-m+fp/hard\libc_nano.a(libc_a-mallocr.o)
                0x20000628                __malloc_sbrk_start
 .bss.__malloc_free_list
                0x2000062c        0x4 C:/Program Files/STMicroelectronics/STM32Cube/STM32CubeIDE/plugins/com.st.stm32cube.ide.mcu.externaltools.gnu-tools-for-stm32.13.3.rel1.win32_1.0.0.202411081344/tools/bin/../lib/gcc/arm-none-eabi/13.3.1/../../../../arm-none-eabi/lib/thumb/v7e-m+fp/hard\libc_nano.a(libc_a-mallocr.o)
                0x2000062c                __malloc_free_list
 *(COMMON)
                0x20000630                        . = ALIGN (0x4)
                0x20000630                        _ebss = .
                0x20000630                        __bss_end__ = _ebss

._user_heap_stack
                0x20000630      0x600 load address 0x08006c04
                0x20000630                        . = ALIGN (0x8)
                [!provide]                        PROVIDE (end = .)
                0x20000630                        PROVIDE (_end = .)
                0x20000830                        . = (. + _Min_Heap_Size)
 *fill*         0x20000630      0x200 
                0x20000c30                        . = (. + _Min_Stack_Size)
 *fill*         0x20000830      0x400 
                0x20000c30                        . = ALIGN (0x8)

/DISCARD/
 libc.a(*)
 libm.a(*)
 libgcc.a(*)

.ARM.attributes
                0x00000000       0x30
 *(.ARM.attributes)
 .ARM.attributes
                0x00000000       0x22 C:/Program Files/STMicroelectronics/STM32Cube/STM32CubeIDE/plugins/com.st.stm32cube.ide.mcu.externaltools.gnu-tools-for-stm32.13.3.rel1.win32_1.0.0.202411081344/tools/bin/../lib/gcc/arm-none-eabi/13.3.1/thumb/v7e-m+fp/hard/crti.o
 .ARM.attributes
                0x00000022       0x34 C:/Program Files/STMicroelectronics/STM32Cube/STM32CubeIDE/plugins/com.st.stm32cube.ide.mcu.externaltools.gnu-tools-for-stm32.13.3.rel1.win32_1.0.0.202411081344/tools/bin/../lib/gcc/arm-none-eabi/13.3.1/thumb/v7e-m+fp/hard/crtbegin.o
 .ARM.attributes
                0x00000056       0x34 ./Core/Src/main.o
 .ARM.attributes
                0x0000008a       0x34 ./Core/Src/stm32f4xx_hal_msp.o
 .ARM.attributes
                0x000000be       0x34 ./Core/Src/stm32f4xx_it.o
 .ARM.attributes
                0x000000f2       0x34 ./Core/Src/syscalls.o
 .ARM.attributes
                0x00000126       0x34 ./Core/Src/sysmem.o
 .ARM.attributes
                0x0000015a       0x34 ./Core/Src/system_stm32f4xx.o
 .ARM.attributes
                0x0000018e       0x21 ./Core/Startup/startup_stm32f411ceux.o
 .ARM.attributes
                0x000001af       0x34 ./Drivers/STM32F4xx_HAL_Driver/Src/stm32f4xx_hal.o
 .ARM.attributes
                0x000001e3       0x34 ./Drivers/STM32F4xx_HAL_Driver/Src/stm32f4xx_hal_cortex.o
 .ARM.attributes
                0x00000217       0x34 ./Drivers/STM32F4xx_HAL_Driver/Src/stm32f4xx_hal_dma.o
 .ARM.attributes
                0x0000024b       0x34 ./Drivers/STM32F4xx_HAL_Driver/Src/stm32f4xx_hal_flash.o
 .ARM.attributes
                0x0000027f       0x34 ./Drivers/STM32F4xx_HAL_Driver/Src/stm32f4xx_hal_flash_ex.o
 .ARM.attributes
                0x000002b3       0x34 ./Drivers/STM32F4xx_HAL_Driver/Src/stm32f4xx_hal_gpio.o
 .ARM.attributes
                0x000002e7       0x34 ./Drivers/STM32F4xx_HAL_Driver/Src/stm32f4xx_hal_rcc.o
 .ARM.attributes
                0x0000031b       0x34 ./Drivers/STM32F4xx_HAL_Driver/Src/stm32f4xx_hal_spi.o
 .ARM.attributes
                0x0000034f       0x34 ./Drivers/STM32F4xx_HAL_Driver/Src/stm32f4xx_hal_tim.o
 .ARM.attributes
                0x00000383       0x34 ./Drivers/STM32F4xx_HAL_Driver/Src/stm32f4xx_hal_tim_ex.o
 .ARM.attributes
                0x000003b7       0x34 ./Drivers/STM32F4xx_HAL_Driver/Src/stm32f4xx_hal_uart.o
 .ARM.attributes
                0x000003eb       0x34 C:/Program Files/STMicroelectronics/STM32Cube/STM32CubeIDE/plugins/com.st.stm32cube.ide.mcu.externaltools.gnu-tools-for-stm32.13.3.rel1.win32_1.0.0.202411081344/tools/bin/../lib/gcc/arm-none-eabi/13.3.1/../../../../arm-none-eabi/lib/thumb/v7e-m+fp/hard\libc_nano.a(libc_a-findfp.o)
 .ARM.attributes
                0x0000041f       0x34 C:/Program Files/STMicroelectronics/STM32Cube/STM32CubeIDE/plugins/com.st.stm32cube.ide.mcu.externaltools.gnu-tools-for-stm32.13.3.rel1.win32_1.0.0.202411081344/tools/bin/../lib/gcc/arm-none-eabi/13.3.1/../../../../arm-none-eabi/lib/thumb/v7e-m+fp/hard\libc_nano.a(libc_a-fwalk.o)
 .ARM.attributes
                0x00000453       0x34 C:/Program Files/STMicroelectronics/STM32Cube/STM32CubeIDE/plugins/com.st.stm32cube.ide.mcu.externaltools.gnu-tools-for-stm32.13.3.rel1.win32_1.0.0.202411081344/tools/bin/../lib/gcc/arm-none-eabi/13.3.1/../../../../arm-none-eabi/lib/thumb/v7e-m+fp/hard\libc_nano.a(libc_a-printf.o)
 .ARM.attributes
                0x00000487       0x34 C:/Program Files/STMicroelectronics/STM32Cube/STM32CubeIDE/plugins/com.st.stm32cube.ide.mcu.externaltools.gnu-tools-for-stm32.13.3.rel1.win32_1.0.0.202411081344/tools/bin/../lib/gcc/arm-none-eabi/13.3.1/../../../../arm-none-eabi/lib/thumb/v7e-m+fp/hard\libc_nano.a(libc_a-putchar.o)
 .ARM.attributes
                0x000004bb       0x34 C:/Program Files/STMicroelectronics/STM32Cube/STM32CubeIDE/plugins/com.st.stm32cube.ide.mcu.externaltools.gnu-tools-for-stm32.13.3.rel1.win32_1.0.0.202411081344/tools/bin/../lib/gcc/arm-none-eabi/13.3.1/../../../../arm-none-eabi/lib/thumb/v7e-m+fp/hard\libc_nano.a(libc_a-puts.o)
 .ARM.attributes
                0x000004ef       0x34 C:/Program Files/STMicroelectronics/STM32Cube/STM32CubeIDE/plugins/com.st.stm32cube.ide.mcu.externaltools.gnu-tools-for-stm32.13.3.rel1.win32_1.0.0.202411081344/tools/bin/../lib/gcc/arm-none-eabi/13.3.1/../../../../arm-none-eabi/lib/thumb/v7e-m+fp/hard\libc_nano.a(libc_a-setvbuf.o)
 .ARM.attributes
                0x00000523       0x34 C:/Program Files/STMicroelectronics/STM32Cube/STM32CubeIDE/plugins/com.st.stm32cube.ide.mcu.externaltools.gnu-tools-for-stm32.13.3.rel1.win32_1.0.0.202411081344/tools/bin/../lib/gcc/arm-none-eabi/13.3.1/../../../../arm-none-eabi/lib/thumb/v7e-m+fp/hard\libc_nano.a(libc_a-stdio.o)
 .ARM.attributes
                0x00000557       0x34 C:/Program Files/STMicroelectronics/STM32Cube/STM32CubeIDE/plugins/com.st.stm32cube.ide.mcu.externaltools.gnu-tools-for-stm32.13.3.rel1.win32_1.0.0.202411081344/tools/bin/../lib/gcc/arm-none-eabi/13.3.1/../../../../arm-none-eabi/lib/thumb/v7e-m+fp/hard\libc_nano.a(libc_a-wbuf.o)
 .ARM.attributes
                0x0000058b       0x34 C:/Program Files/STMicroelectronics/STM32Cube/STM32CubeIDE/plugins/com.st.stm32cube.ide.mcu.externaltools.gnu-tools-for-stm32.13.3.rel1.win32_1.0.0.202411081344/tools/bin/../lib/gcc/arm-none-eabi/13.3.1/../../../../arm-none-eabi/lib/thumb/v7e-m+fp/hard\libc_nano.a(libc_a-wsetup.o)
 .ARM.attributes
                0x000005bf       0x34 C:/Program Files/STMicroelectronics/STM32Cube/STM32CubeIDE/plugins/com.st.stm32cube.ide.mcu.externaltools.gnu-tools-for-stm32.13.3.rel1.win32_1.0.0.202411081344/tools/bin/../lib/gcc/arm-none-eabi/13.3.1/../../../../arm-none-eabi/lib/thumb/v7e-m+fp/hard\libc_nano.a(libc_a-memcmp.o)
 .ARM.attributes
                0x000005f3       0x34 C:/Program Files/STMicroelectronics/STM32Cube/STM32CubeIDE/plugins/com.st.stm32cube.ide.mcu.externaltools.gnu-tools-for-stm32.13.3.rel1.win32_1.0.0.202411081344/tools/bin/../lib/gcc/arm-none-eabi/13.3.1/../../../../arm-none-eabi/lib/thumb/v7e-m+fp/hard\libc_nano.a(libc_a-memset.o)
 .ARM.attributes
                0x00000627       0x34 C:/Program Files/STMicroelectronics/STM32Cube/STM32CubeIDE/plugins/com.st.stm32cube.ide.mcu.externaltools.gnu-tools-for-stm32.13.3.rel1.win32_1.0.0.202411081344/tools/bin/../lib/gcc/arm-none-eabi/13.3.1/../../../../arm-none-eabi/lib/thumb/v7e-m+fp/hard\libc_nano.a(libc_a-closer.o)
 .ARM.attributes
                0x0000065b       0x34 C:/Program Files/STMicroelectronics/STM32Cube/STM32CubeIDE/plugins/com.st.stm32cube.ide.mcu.externaltools.gnu-tools-for-stm32.13.3.rel1.win32_1.0.0.202411081344/tools/bin/../lib/gcc/arm-none-eabi/13.3.1/../../../../arm-none-eabi/lib/thumb/v7e-m+fp/hard\libc_nano.a(libc_a-reent.o)
 .ARM.attributes
                0x0000068f       0x34 C:/Program Files/STMicroelectronics/STM32Cube/STM32CubeIDE/plugins/com.st.stm32cube.ide.mcu.externaltools.gnu-tools-for-stm32.13.3.rel1.win32_1.0.0.202411081344/tools/bin/../lib/gcc/arm-none-eabi/13.3.1/../../../../arm-none-eabi/lib/thumb/v7e-m+fp/hard\libc_nano.a(libc_a-impure.o)
 .ARM.attributes
                0x000006c3       0x34 C:/Program Files/STMicroelectronics/STM32Cube/STM32CubeIDE/plugins/com.st.stm32cube.ide.mcu.externaltools.gnu-tools-for-stm32.13.3.rel1.win32_1.0.0.202411081344/tools/bin/../lib/gcc/arm-none-eabi/13.3.1/../../../../arm-none-eabi/lib/thumb/v7e-m+fp/hard\libc_nano.a(libc_a-lseekr.o)
 .ARM.attributes
                0x000006f7       0x34 C:/Program Files/STMicroelectronics/STM32Cube/STM32CubeIDE/plugins/com.st.stm32cube.ide.mcu.externaltools.gnu-tools-for-stm32.13.3.rel1.win32_1.0.0.202411081344/tools/bin/../lib/gcc/arm-none-eabi/13.3.1/../../../../arm-none-eabi/lib/thumb/v7e-m+fp/hard\libc_nano.a(libc_a-readr.o)
 .ARM.attributes
                0x0000072b       0x34 C:/Program Files/STMicroelectronics/STM32Cube/STM32CubeIDE/plugins/com.st.stm32cube.ide.mcu.externaltools.gnu-tools-for-stm32.13.3.rel1.win32_1.0.0.202411081344/tools/bin/../lib/gcc/arm-none-eabi/13.3.1/../../../../arm-none-eabi/lib/thumb/v7e-m+fp/hard\libc_nano.a(libc_a-writer.o)
 .ARM.attributes
                0x0000075f       0x34 C:/Program Files/STMicroelectronics/STM32Cube/STM32CubeIDE/plugins/com.st.stm32cube.ide.mcu.externaltools.gnu-tools-for-stm32.13.3.rel1.win32_1.0.0.202411081344/tools/bin/../lib/gcc/arm-none-eabi/13.3.1/../../../../arm-none-eabi/lib/thumb/v7e-m+fp/hard\libc_nano.a(libc_a-errno.o)
 .ARM.attributes
                0x00000793       0x34 C:/Program Files/STMicroelectronics/STM32Cube/STM32CubeIDE/plugins/com.st.stm32cube.ide.mcu.externaltools.gnu-tools-for-stm32.13.3.rel1.win32_1.0.0.202411081344/tools/bin/../lib/gcc/arm-none-eabi/13.3.1/../../../../arm-none-eabi/lib/thumb/v7e-m+fp/hard\libc_nano.a(libc_a-init.o)
 .ARM.attributes
                0x000007c7       0x34 C:/Program Files/STMicroelectronics/STM32Cube/STM32CubeIDE/plugins/com.st.stm32cube.ide.mcu.externaltools.gnu-tools-for-stm32.13.3.rel1.win32_1.0.0.202411081344/tools/bin/../lib/gcc/arm-none-eabi/13.3.1/../../../../arm-none-eabi/lib/thumb/v7e-m+fp/hard\libc_nano.a(libc_a-lock.o)
 .ARM.attributes
                0x000007fb       0x34 C:/Program Files/STMicroelectronics/STM32Cube/STM32CubeIDE/plugins/com.st.stm32cube.ide.mcu.externaltools.gnu-tools-for-stm32.13.3.rel1.win32_1.0.0.202411081344/tools/bin/../lib/gcc/arm-none-eabi/13.3.1/../../../../arm-none-eabi/lib/thumb/v7e-m+fp/hard\libc_nano.a(libc_a-freer.o)
 .ARM.attributes
                0x0000082f       0x34 C:/Program Files/STMicroelectronics/STM32Cube/STM32CubeIDE/plugins/com.st.stm32cube.ide.mcu.externaltools.gnu-tools-for-stm32.13.3.rel1.win32_1.0.0.202411081344/tools/bin/../lib/gcc/arm-none-eabi/13.3.1/../../../../arm-none-eabi/lib/thumb/v7e-m+fp/hard\libc_nano.a(libc_a-malloc.o)
 .ARM.attributes
                0x00000863       0x34 C:/Program Files/STMicroelectronics/STM32Cube/STM32CubeIDE/plugins/com.st.stm32cube.ide.mcu.externaltools.gnu-tools-for-stm32.13.3.rel1.win32_1.0.0.202411081344/tools/bin/../lib/gcc/arm-none-eabi/13.3.1/../../../../arm-none-eabi/lib/thumb/v7e-m+fp/hard\libc_nano.a(libc_a-mallocr.o)
 .ARM.attributes
                0x00000897       0x34 C:/Program Files/STMicroelectronics/STM32Cube/STM32CubeIDE/plugins/com.st.stm32cube.ide.mcu.externaltools.gnu-tools-for-stm32.13.3.rel1.win32_1.0.0.202411081344/tools/bin/../lib/gcc/arm-none-eabi/13.3.1/../../../../arm-none-eabi/lib/thumb/v7e-m+fp/hard\libc_nano.a(libc_a-mlock.o)
 .ARM.attributes
                0x000008cb       0x34 C:/Program Files/STMicroelectronics/STM32Cube/STM32CubeIDE/plugins/com.st.stm32cube.ide.mcu.externaltools.gnu-tools-for-stm32.13.3.rel1.win32_1.0.0.202411081344/tools/bin/../lib/gcc/arm-none-eabi/13.3.1/../../../../arm-none-eabi/lib/thumb/v7e-m+fp/hard\libc_nano.a(libc_a-nano-vfprintf.o)
 .ARM.attributes
                0x000008ff       0x34 C:/Program Files/STMicroelectronics/STM32Cube/STM32CubeIDE/plugins/com.st.stm32cube.ide.mcu.externaltools.gnu-tools-for-stm32.13.3.rel1.win32_1.0.0.202411081344/tools/bin/../lib/gcc/arm-none-eabi/13.3.1/../../../../arm-none-eabi/lib/thumb/v7e-m+fp/hard\libc_nano.a(libc_a-nano-vfprintf_i.o)
 .ARM.attributes
                0x00000933       0x34 C:/Program Files/STMicroelectronics/STM32Cube/STM32CubeIDE/plugins/com.st.stm32cube.ide.mcu.externaltools.gnu-tools-for-stm32.13.3.rel1.win32_1.0.0.202411081344/tools/bin/../lib/gcc/arm-none-eabi/13.3.1/../../../../arm-none-eabi/lib/thumb/v7e-m+fp/hard\libc_nano.a(libc_a-fflush.o)
 .ARM.attributes
                0x00000967       0x34 C:/Program Files/STMicroelectronics/STM32Cube/STM32CubeIDE/plugins/com.st.stm32cube.ide.mcu.externaltools.gnu-tools-for-stm32.13.3.rel1.win32_1.0.0.202411081344/tools/bin/../lib/gcc/arm-none-eabi/13.3.1/../../../../arm-none-eabi/lib/thumb/v7e-m+fp/hard\libc_nano.a(libc_a-makebuf.o)
 .ARM.attributes
                0x0000099b       0x34 C:/Program Files/STMicroelectronics/STM32Cube/STM32CubeIDE/plugins/com.st.stm32cube.ide.mcu.externaltools.gnu-tools-for-stm32.13.3.rel1.win32_1.0.0.202411081344/tools/bin/../lib/gcc/arm-none-eabi/13.3.1/../../../../arm-none-eabi/lib/thumb/v7e-m+fp/hard\libc_nano.a(libc_a-putc.o)
 .ARM.attributes
                0x000009cf       0x34 C:/Program Files/STMicroelectronics/STM32Cube/STM32CubeIDE/plugins/com.st.stm32cube.ide.mcu.externaltools.gnu-tools-for-stm32.13.3.rel1.win32_1.0.0.202411081344/tools/bin/../lib/gcc/arm-none-eabi/13.3.1/../../../../arm-none-eabi/lib/thumb/v7e-m+fp/hard\libc_nano.a(libc_a-fstatr.o)
 .ARM.attributes
                0x00000a03       0x34 C:/Program Files/STMicroelectronics/STM32Cube/STM32CubeIDE/plugins/com.st.stm32cube.ide.mcu.externaltools.gnu-tools-for-stm32.13.3.rel1.win32_1.0.0.202411081344/tools/bin/../lib/gcc/arm-none-eabi/13.3.1/../../../../arm-none-eabi/lib/thumb/v7e-m+fp/hard\libc_nano.a(libc_a-isattyr.o)
 .ARM.attributes
                0x00000a37       0x34 C:/Program Files/STMicroelectronics/STM32Cube/STM32CubeIDE/plugins/com.st.stm32cube.ide.mcu.externaltools.gnu-tools-for-stm32.13.3.rel1.win32_1.0.0.202411081344/tools/bin/../lib/gcc/arm-none-eabi/13.3.1/../../../../arm-none-eabi/lib/thumb/v7e-m+fp/hard\libc_nano.a(libc_a-sbrkr.o)
 .ARM.attributes
                0x00000a6b       0x1c C:/Program Files/STMicroelectronics/STM32Cube/STM32CubeIDE/plugins/com.st.stm32cube.ide.mcu.externaltools.gnu-tools-for-stm32.13.3.rel1.win32_1.0.0.202411081344/tools/bin/../lib/gcc/arm-none-eabi/13.3.1/../../../../arm-none-eabi/lib/thumb/v7e-m+fp/hard\libc_nano.a(libc_a-memchr.o)
 .ARM.attributes
                0x00000a87       0x22 C:/Program Files/STMicroelectronics/STM32Cube/STM32CubeIDE/plugins/com.st.stm32cube.ide.mcu.externaltools.gnu-tools-for-stm32.13.3.rel1.win32_1.0.0.202411081344/tools/bin/../lib/gcc/arm-none-eabi/13.3.1/thumb/v7e-m+fp/hard\libgcc.a(_aeabi_uldivmod.o)
 .ARM.attributes
                0x00000aa9       0x34 C:/Program Files/STMicroelectronics/STM32Cube/STM32CubeIDE/plugins/com.st.stm32cube.ide.mcu.externaltools.gnu-tools-for-stm32.13.3.rel1.win32_1.0.0.202411081344/tools/bin/../lib/gcc/arm-none-eabi/13.3.1/thumb/v7e-m+fp/hard\libgcc.a(_udivmoddi4.o)
 .ARM.attributes
                0x00000add       0x22 C:/Program Files/STMicroelectronics/STM32Cube/STM32CubeIDE/plugins/com.st.stm32cube.ide.mcu.externaltools.gnu-tools-for-stm32.13.3.rel1.win32_1.0.0.202411081344/tools/bin/../lib/gcc/arm-none-eabi/13.3.1/thumb/v7e-m+fp/hard\libgcc.a(_dvmd_tls.o)
 .ARM.attributes
                0x00000aff       0x22 C:/Program Files/STMicroelectronics/STM32Cube/STM32CubeIDE/plugins/com.st.stm32cube.ide.mcu.externaltools.gnu-tools-for-stm32.13.3.rel1.win32_1.0.0.202411081344/tools/bin/../lib/gcc/arm-none-eabi/13.3.1/thumb/v7e-m+fp/hard/crtn.o
OUTPUT(VirpilToWinwingBridge.elf elf32-littlearm)
LOAD linker stubs
LOAD C:/Program Files/STMicroelectronics/STM32Cube/STM32CubeIDE/plugins/com.st.stm32cube.ide.mcu.externaltools.gnu-tools-for-stm32.13.3.rel1.win32_1.0.0.202411081344/tools/bin/../lib/gcc/arm-none-eabi/13.3.1/../../../../arm-none-eabi/lib/thumb/v7e-m+fp/hard\libc.a
LOAD C:/Program Files/STMicroelectronics/STM32Cube/STM32CubeIDE/plugins/com.st.stm32cube.ide.mcu.externaltools.gnu-tools-for-stm32.13.3.rel1.win32_1.0.0.202411081344/tools/bin/../lib/gcc/arm-none-eabi/13.3.1/../../../../arm-none-eabi/lib/thumb/v7e-m+fp/hard\libm.a
LOAD C:/Program Files/STMicroelectronics/STM32Cube/STM32CubeIDE/plugins/com.st.stm32cube.ide.mcu.externaltools.gnu-tools-for-stm32.13.3.rel1.win32_1.0.0.202411081344/tools/bin/../lib/gcc/arm-none-eabi/13.3.1/thumb/v7e-m+fp/hard\libgcc.a

.debug_info     0x00000000    0x10c92
 .debug_info    0x00000000     0x2820 ./Core/Src/main.o
 .debug_info    0x00002820     0x11bf ./Core/Src/stm32f4xx_hal_msp.o
 .debug_info    0x000039df      0x640 ./Core/Src/stm32f4xx_it.o
 .debug_info    0x0000401f      0x6a3 ./Core/Src/syscalls.o
 .debug_info    0x000046c2      0x168 ./Core/Src/sysmem.o
 .debug_info    0x0000482a      0x53e ./Core/Src/system_stm32f4xx.o
 .debug_info    0x00004d68       0x30 ./Core/Startup/startup_stm32f411ceux.o
 .debug_info    0x00004d98      0x8c4 ./Drivers/STM32F4xx_HAL_Driver/Src/stm32f4xx_hal.o
 .debug_info    0x0000565c      0xcfc ./Drivers/STM32F4xx_HAL_Driver/Src/stm32f4xx_hal_cortex.o
 .debug_info    0x00006358      0x8e6 ./Drivers/STM32F4xx_HAL_Driver/Src/stm32f4xx_hal_dma.o
 .debug_info    0x00006c3e      0x58c ./Drivers/STM32F4xx_HAL_Driver/Src/stm32f4xx_hal_flash.o
 .debug_info    0x000071ca      0x7db ./Drivers/STM32F4xx_HAL_Driver/Src/stm32f4xx_hal_flash_ex.o
 .debug_info    0x000079a5      0x6f9 ./Drivers/STM32F4xx_HAL_Driver/Src/stm32f4xx_hal_gpio.o
 .debug_info    0x0000809e      0x904 ./Drivers/STM32F4xx_HAL_Driver/Src/stm32f4xx_hal_rcc.o
 .debug_info    0x000089a2     0x1530 ./Drivers/STM32F4xx_HAL_Driver/Src/stm32f4xx_hal_spi.o
 .debug_info    0x00009ed2     0x2996 ./Drivers/STM32F4xx_HAL_Driver/Src/stm32f4xx_hal_tim.o
 .debug_info    0x0000c868     0x14d4 ./Drivers/STM32F4xx_HAL_Driver/Src/stm32f4xx_hal_tim_ex.o
 .debug_info    0x0000dd3c     0x2f56 ./Drivers/STM32F4xx_HAL_Driver/Src/stm32f4xx_hal_uart.o

.debug_abbrev   0x00000000     0x2770
 .debug_abbrev  0x00000000      0x484 ./Core/Src/main.o
 .debug_abbrev  0x00000484      0x1fb ./Core/Src/stm32f4xx_hal_msp.o
 .debug_abbrev  0x0000067f      0x182 ./Core/Src/stm32f4xx_it.o
 .debug_abbrev  0x00000801      0x1b6 ./Core/Src/syscalls.o
 .debug_abbrev  0x000009b7       0xbc ./Core/Src/sysmem.o
 .debug_abbrev  0x00000a73      0x11a ./Core/Src/system_stm32f4xx.o
 .debug_abbrev  0x00000b8d       0x24 ./Core/Startup/startup_stm32f411ceux.o
 .debug_abbrev  0x00000bb1      0x24b ./Drivers/STM32F4xx_HAL_Driver/Src/stm32f4xx_hal.o
 .debug_abbrev  0x00000dfc      0x31d ./Drivers/STM32F4xx_HAL_Driver/Src/stm32f4xx_hal_cortex.o
 .debug_abbrev  0x00001119      0x221 ./Drivers/STM32F4xx_HAL_Driver/Src/stm32f4xx_hal_dma.o
 .debug_abbrev  0x0000133a      0x28d ./Drivers/STM32F4xx_HAL_Driver/Src/stm32f4xx_hal_flash.o
 .debug_abbrev  0x000015c7      0x26e ./Drivers/STM32F4xx_HAL_Driver/Src/stm32f4xx_hal_flash_ex.o
 .debug_abbrev  0x00001835      0x1d3 ./Drivers/STM32F4xx_HAL_Driver/Src/stm32f4xx_hal_gpio.o
 .debug_abbrev  0x00001a08      0x2b6 ./Drivers/STM32F4xx_HAL_Driver/Src/stm32f4xx_hal_rcc.o
 .debug_abbrev  0x00001cbe      0x276 ./Drivers/STM32F4xx_HAL_Driver/Src/stm32f4xx_hal_spi.o
 .debug_abbrev  0x00001f34      0x28b ./Drivers/STM32F4xx_HAL_Driver/Src/stm32f4xx_hal_tim.o
 .debug_abbrev  0x000021bf      0x296 ./Drivers/STM32F4xx_HAL_Driver/Src/stm32f4xx_hal_tim_ex.o
 .debug_abbrev  0x00002455      0x31b ./Drivers/STM32F4xx_HAL_Driver/Src/stm32f4xx_hal_uart.o

.debug_aranges  0x00000000     0x10b0
 .debug_aranges
                0x00000000       0xd8 ./Core/Src/main.o
 .debug_aranges
                0x000000d8       0x50 ./Core/Src/stm32f4xx_hal_msp.o
 .debug_aranges
                0x00000128       0x68 ./Core/Src/stm32f4xx_it.o
 .debug_aranges
                0x00000190       0xa8 ./Core/Src/syscalls.o
 .debug_aranges
                0x00000238       0x20 ./Core/Src/sysmem.o
 .debug_aranges
                0x00000258       0x28 ./Core/Src/system_stm32f4xx.o
 .debug_aranges
                0x00000280       0x28 ./Core/Startup/startup_stm32f411ceux.o
 .debug_aranges
                0x000002a8       0xf0 ./Drivers/STM32F4xx_HAL_Driver/Src/stm32f4xx_hal.o
 .debug_aranges
                0x00000398      0x130 ./Drivers/STM32F4xx_HAL_Driver/Src/stm32f4xx_hal_cortex.o
 .debug_aranges
                0x000004c8       0x90 ./Drivers/STM32F4xx_HAL_Driver/Src/stm32f4xx_hal_dma.o
 .debug_aranges
                0x00000558       0xa0 ./Drivers/STM32F4xx_HAL_Driver/Src/stm32f4xx_hal_flash.o
 .debug_aranges
                0x000005f8       0xc8 ./Drivers/STM32F4xx_HAL_Driver/Src/stm32f4xx_hal_flash_ex.o
 .debug_aranges
                0x000006c0       0x58 ./Drivers/STM32F4xx_HAL_Driver/Src/stm32f4xx_hal_gpio.o
 .debug_aranges
                0x00000718       0x88 ./Drivers/STM32F4xx_HAL_Driver/Src/stm32f4xx_hal_rcc.o
 .debug_aranges
                0x000007a0      0x1d0 ./Drivers/STM32F4xx_HAL_Driver/Src/stm32f4xx_hal_spi.o
 .debug_aranges
                0x00000970      0x3d0 ./Drivers/STM32F4xx_HAL_Driver/Src/stm32f4xx_hal_tim.o
 .debug_aranges
                0x00000d40      0x168 ./Drivers/STM32F4xx_HAL_Driver/Src/stm32f4xx_hal_tim_ex.o
 .debug_aranges
                0x00000ea8      0x208 ./Drivers/STM32F4xx_HAL_Driver/Src/stm32f4xx_hal_uart.o

.debug_rnglists
                0x00000000      0xd05
 .debug_rnglists
                0x00000000       0xa8 ./Core/Src/main.o
 .debug_rnglists
                0x000000a8       0x39 ./Core/Src/stm32f4xx_hal_msp.o
 .debug_rnglists
                0x000000e1       0x49 ./Core/Src/stm32f4xx_it.o
 .debug_rnglists
                0x0000012a       0x79 ./Core/Src/syscalls.o
 .debug_rnglists
                0x000001a3       0x13 ./Core/Src/sysmem.o
 .debug_rnglists
                0x000001b6       0x1a ./Core/Src/system_stm32f4xx.o
 .debug_rnglists
                0x000001d0       0x19 ./Core/Startup/startup_stm32f411ceux.o
 .debug_rnglists
                0x000001e9       0xaf ./Drivers/STM32F4xx_HAL_Driver/Src/stm32f4xx_hal.o
 .debug_rnglists
                0x00000298       0xe0 ./Drivers/STM32F4xx_HAL_Driver/Src/stm32f4xx_hal_cortex.o
 .debug_rnglists
                0x00000378       0x70 ./Drivers/STM32F4xx_HAL_Driver/Src/stm32f4xx_hal_dma.o
 .debug_rnglists
                0x000003e8       0x78 ./Drivers/STM32F4xx_HAL_Driver/Src/stm32f4xx_hal_flash.o
 .debug_rnglists
                0x00000460       0x96 ./Drivers/STM32F4xx_HAL_Driver/Src/stm32f4xx_hal_flash_ex.o
 .debug_rnglists
                0x000004f6       0x3f ./Drivers/STM32F4xx_HAL_Driver/Src/stm32f4xx_hal_gpio.o
 .debug_rnglists
                0x00000535       0x66 ./Drivers/STM32F4xx_HAL_Driver/Src/stm32f4xx_hal_rcc.o
 .debug_rnglists
                0x0000059b      0x16f ./Drivers/STM32F4xx_HAL_Driver/Src/stm32f4xx_hal_spi.o
 .debug_rnglists
                0x0000070a      0x31a ./Drivers/STM32F4xx_HAL_Driver/Src/stm32f4xx_hal_tim.o
 .debug_rnglists
                0x00000a24      0x125 ./Drivers/STM32F4xx_HAL_Driver/Src/stm32f4xx_hal_tim_ex.o
 .debug_rnglists
                0x00000b49      0x1bc ./Drivers/STM32F4xx_HAL_Driver/Src/stm32f4xx_hal_uart.o

.debug_macro    0x00000000    0x17ba7
 .debug_macro   0x00000000      0x37b ./Core/Src/main.o
 .debug_macro   0x0000037b      0xad8 ./Core/Src/main.o
 .debug_macro   0x00000e53      0x2a1 ./Core/Src/main.o
 .debug_macro   0x000010f4       0x2e ./Core/Src/main.o
 .debug_macro   0x00001122       0x28 ./Core/Src/main.o
 .debug_macro   0x0000114a       0x22 ./Core/Src/main.o
 .debug_macro   0x0000116c       0x8e ./Core/Src/main.o
 .debug_macro   0x000011fa       0x51 ./Core/Src/main.o
 .debug_macro   0x0000124b      0x103 ./Core/Src/main.o
 .debug_macro   0x0000134e       0x6a ./Core/Src/main.o
 .debug_macro   0x000013b8      0x1df ./Core/Src/main.o
 .debug_macro   0x00001597       0x1c ./Core/Src/main.o
 .debug_macro   0x000015b3       0x22 ./Core/Src/main.o
 .debug_macro   0x000015d5       0xfb ./Core/Src/main.o
 .debug_macro   0x000016d0     0x1011 ./Core/Src/main.o
 .debug_macro   0x000026e1      0x11f ./Core/Src/main.o
 .debug_macro   0x00002800     0xb968 ./Core/Src/main.o
 .debug_macro   0x0000e168       0x6d ./Core/Src/main.o
 .debug_macro   0x0000e1d5     0x3693 ./Core/Src/main.o
 .debug_macro   0x00011868      0x190 ./Core/Src/main.o
 .debug_macro   0x000119f8       0x5c ./Core/Src/main.o
 .debug_macro   0x00011a54      0x45c ./Core/Src/main.o
 .debug_macro   0x00011eb0      0x9e9 ./Core/Src/main.o
 .debug_macro   0x00012899      0x115 ./Core/Src/main.o
 .debug_macro   0x000129ae      0x11b ./Core/Src/main.o
 .debug_macro   0x00012ac9       0xa5 ./Core/Src/main.o
 .debug_macro   0x00012b6e      0x15f ./Core/Src/main.o
 .debug_macro   0x00012ccd      0x287 ./Core/Src/main.o
 .debug_macro   0x00012f54       0x5f ./Core/Src/main.o
 .debug_macro   0x00012fb3      0x236 ./Core/Src/main.o
 .debug_macro   0x000131e9      0x132 ./Core/Src/main.o
 .debug_macro   0x0001331b      0x264 ./Core/Src/main.o
 .debug_macro   0x0001357f       0x2e ./Core/Src/main.o
 .debug_macro   0x000135ad      0x127 ./Core/Src/main.o
 .debug_macro   0x000136d4       0x85 ./Core/Src/main.o
 .debug_macro   0x00013759       0x89 ./Core/Src/main.o
 .debug_macro   0x000137e2      0x225 ./Core/Src/main.o
 .debug_macro   0x00013a07      0x8ed ./Core/Src/main.o
 .debug_macro   0x000142f4       0x47 ./Core/Src/main.o
 .debug_macro   0x0001433b      0x2aa ./Core/Src/main.o
 .debug_macro   0x000145e5      0x126 ./Core/Src/main.o
 .debug_macro   0x0001470b       0x4c ./Core/Src/main.o
 .debug_macro   0x00014757       0x61 ./Core/Src/main.o
 .debug_macro   0x000147b8       0x2a ./Core/Src/main.o
 .debug_macro   0x000147e2       0x43 ./Core/Src/main.o
 .debug_macro   0x00014825       0x34 ./Core/Src/main.o
 .debug_macro   0x00014859       0x16 ./Core/Src/main.o
 .debug_macro   0x0001486f       0x3c ./Core/Src/main.o
 .debug_macro   0x000148ab      0x370 ./Core/Src/main.o
 .debug_macro   0x00014c1b       0x10 ./Core/Src/main.o
 .debug_macro   0x00014c2b       0x16 ./Core/Src/main.o
 .debug_macro   0x00014c41       0x4a ./Core/Src/main.o
 .debug_macro   0x00014c8b       0x34 ./Core/Src/main.o
 .debug_macro   0x00014cbf       0x10 ./Core/Src/main.o
 .debug_macro   0x00014ccf       0x58 ./Core/Src/main.o
 .debug_macro   0x00014d27       0x8e ./Core/Src/main.o
 .debug_macro   0x00014db5       0x1c ./Core/Src/main.o
 .debug_macro   0x00014dd1      0x185 ./Core/Src/main.o
 .debug_macro   0x00014f56       0x16 ./Core/Src/main.o
 .debug_macro   0x00014f6c       0x16 ./Core/Src/main.o
 .debug_macro   0x00014f82      0x146 ./Core/Src/main.o
 .debug_macro   0x000150c8       0x16 ./Core/Src/main.o
 .debug_macro   0x000150de       0x20 ./Core/Src/main.o
 .debug_macro   0x000150fe      0x1e7 ./Core/Src/stm32f4xx_hal_msp.o
 .debug_macro   0x000152e5      0x1f1 ./Core/Src/stm32f4xx_it.o
 .debug_macro   0x000154d6      0x274 ./Core/Src/syscalls.o
 .debug_macro   0x0001574a       0x5b ./Core/Src/syscalls.o
 .debug_macro   0x000157a5       0x94 ./Core/Src/syscalls.o
 .debug_macro   0x00015839       0x57 ./Core/Src/syscalls.o
 .debug_macro   0x00015890       0x10 ./Core/Src/syscalls.o
 .debug_macro   0x000158a0       0x10 ./Core/Src/syscalls.o
 .debug_macro   0x000158b0       0x10 ./Core/Src/syscalls.o
 .debug_macro   0x000158c0       0x10 ./Core/Src/syscalls.o
 .debug_macro   0x000158d0       0x1c ./Core/Src/syscalls.o
 .debug_macro   0x000158ec       0x52 ./Core/Src/syscalls.o
 .debug_macro   0x0001593e       0x22 ./Core/Src/syscalls.o
 .debug_macro   0x00015960       0x10 ./Core/Src/syscalls.o
 .debug_macro   0x00015970       0x52 ./Core/Src/syscalls.o
 .debug_macro   0x000159c2       0xcf ./Core/Src/syscalls.o
 .debug_macro   0x00015a91       0x1c ./Core/Src/syscalls.o
 .debug_macro   0x00015aad       0x3d ./Core/Src/syscalls.o
 .debug_macro   0x00015aea       0x35 ./Core/Src/syscalls.o
 .debug_macro   0x00015b1f      0x12c ./Core/Src/syscalls.o
 .debug_macro   0x00015c4b       0x16 ./Core/Src/syscalls.o
 .debug_macro   0x00015c61       0x16 ./Core/Src/syscalls.o
 .debug_macro   0x00015c77       0x29 ./Core/Src/syscalls.o
 .debug_macro   0x00015ca0       0x10 ./Core/Src/syscalls.o
 .debug_macro   0x00015cb0      0x242 ./Core/Src/syscalls.o
 .debug_macro   0x00015ef2       0x1c ./Core/Src/syscalls.o
 .debug_macro   0x00015f0e       0x10 ./Core/Src/syscalls.o
 .debug_macro   0x00015f1e      0x18a ./Core/Src/syscalls.o
 .debug_macro   0x000160a8       0x16 ./Core/Src/syscalls.o
 .debug_macro   0x000160be       0xce ./Core/Src/syscalls.o
 .debug_macro   0x0001618c      0x112 ./Core/Src/sysmem.o
 .debug_macro   0x0001629e      0x23c ./Core/Src/sysmem.o
 .debug_macro   0x000164da      0x1d8 ./Core/Src/system_stm32f4xx.o