../Drivers/CMSIS/Include/core_cm4.h:2064:26:ITM_SendChar	16	static,ignoring_inline_asm
../Core/Src/main.c:254:6:delay_us	16	static
../Core/Src/main.c:261:5:_write	32	static
../Core/Src/main.c:271:20:printHexFrame	32	static
../Core/Src/main.c:303:16:readVirpilDataSync	24	static
../Core/Src/main.c:411:23:ww_hat_code_from_index	24	static
../Core/Src/main.c:428:23:ww_hat_code_from_bools	40	static
../Core/Src/main.c:458:20:ww_write_hat	16	static
../Core/Src/main.c:465:24:map_vp_to_ww	32	static
../Core/Src/main.c:498:6:updateWWCache	56	static
../Core/Src/main.c:651:6:writeWinwingDataSync	16	static
../Core/Src/main.c:663:13:HandleDial	8	static
../Core/Src/main.c:688:13:WW_HandleData	16	static
../Core/Src/main.c:707:10:crc32_calc	32	static
../Core/Src/main.c:722:6:SaveCalibrationToFlash	56	static
../Core/Src/main.c:745:6:LoadCalibrationFromFlash	24	static
../Core/Src/main.c:759:5:main	64	static
../Core/Src/main.c:928:6:SystemClock_Config	88	static
../Core/Src/main.c:974:13:MX_SPI2_Init	8	static
../Core/Src/main.c:1012:13:MX_TIM1_Init	32	static
../Core/Src/main.c:1058:13:MX_USART1_UART_Init	8	static
../Core/Src/main.c:1091:13:MX_GPIO_Init	48	static
../Core/Src/main.c:1131:6:HAL_UARTEx_RxEventCallback	16	static
../Core/Src/main.c:1142:6:Error_Handler	8	static,ignoring_inline_asm
